{
  "version": "1.5.0",
  "plugins_used": [
    {
      "name": "ArtifactoryDetector"
    },
    {
      "name": "AWSKeyDetector"
    },
    {
      "name": "Base64HighEntropyString",
      "limit": 4.5
    },
    {
      "name": "BasicAuthDetector"
    },
    {
      "name": "CloudantDetector"
    },
    {
      "name": "HexHighEntropyString",
      "limit": 3.0
    },
    {
      "name": "IbmCloudIamDetector"
    },
    {
      "name": "IbmCosHmacDetector"
    },
    {
      "name": "JwtTokenDetector"
    },
    {
      "name": "KeywordDetector",
      "keyword_exclude": ""
    },
    {
      "name": "MailchimpDetector"
    },
    {
      "name": "PrivateKeyDetector"
    },
    {
      "name": "SlackDetector"
    },
    {
      "name": "SoftlayerDetector"
    },
    {
      "name": "SquareOAuthDetector"
    },
    {
      "name": "StripeDetector"
    },
    {
      "name": "TwilioKeyDetector"
    }
  ],
  "filters_used": [
    {
      "path": "detect_secrets.filters.allowlist.is_line_allowlisted"
    },
    {
      "path": "detect_secrets.filters.common.is_baseline_file",
      "filename": ".secrets.baseline"
    },
    {
      "path": "detect_secrets.filters.common.is_ignored_due_to_verification_policies",
      "min_level": 2
    },
    {
      "path": "detect_secrets.filters.heuristic.is_indirect_reference"
    },
    {
      "path": "detect_secrets.filters.heuristic.is_likely_id_string"
    },
    {
      "path": "detect_secrets.filters.heuristic.is_lock_file"
    },
    {
      "path": "detect_secrets.filters.heuristic.is_not_alphanumeric_string"
    },
    {
      "path": "detect_secrets.filters.heuristic.is_potential_uuid"
    },
    {
      "path": "detect_secrets.filters.heuristic.is_prefixed_with_dollar_sign"
    },
    {
      "path": "detect_secrets.filters.heuristic.is_sequential_string"
    },
    {
      "path": "detect_secrets.filters.heuristic.is_swagger_file"
    },
    {
      "path": "detect_secrets.filters.heuristic.is_templated_secret"
    }
  ],
  "results": {
    ".env.example": [
      {
        "type": "Basic Auth Credentials",
        "filename": ".env.example",
        "hashed_secret": "5baa61e4c9b93f3f0682250b6cf8331b7ee68fd8",
        "is_verified": false,
        "line_number": 26
      }
    ],
    ".github/workflows/pytest-knowledge-os.yml": [
      {
        "type": "Secret Keyword",
        "filename": ".github/workflows/pytest-knowledge-os.yml",
        "hashed_secret": "e5e9fa1ba31ecd1ae84f75caaa474f3a663f05f4",
        "is_verified": false,
        "line_number": 92
      },
      {
        "type": "Basic Auth Credentials",
        "filename": ".github/workflows/pytest-knowledge-os.yml",
        "hashed_secret": "e5e9fa1ba31ecd1ae84f75caaa474f3a663f05f4",
        "is_verified": false,
        "line_number": 134
      }
    ],
    ".github/workflows/quality-validation.yml": [
      {
        "type": "Secret Keyword",
        "filename": ".github/workflows/quality-validation.yml",
        "hashed_secret": "e5e9fa1ba31ecd1ae84f75caaa474f3a663f05f4",
        "is_verified": false,
        "line_number": 26
      },
      {
        "type": "Basic Auth Credentials",
        "filename": ".github/workflows/quality-validation.yml",
        "hashed_secret": "e5e9fa1ba31ecd1ae84f75caaa474f3a663f05f4",
        "is_verified": false,
        "line_number": 59
      }
    ],
    "backend/app/config.py": [
      {
        "type": "Basic Auth Credentials",
        "filename": "backend/app/config.py",
        "hashed_secret": "e5e9fa1ba31ecd1ae84f75caaa474f3a663f05f4",
        "is_verified": false,
        "line_number": 52
      },
      {
        "type": "Secret Keyword",
        "filename": "backend/app/config.py",
        "hashed_secret": "a5c01e694764bcf09315443c6476e283e6f77906",
        "is_verified": false,
        "line_number": 230
      }
    ],
    "backend/app/routers/system_metrics.py": [
      {
        "type": "Basic Auth Credentials",
        "filename": "backend/app/routers/system_metrics.py",
        "hashed_secret": "e5e9fa1ba31ecd1ae84f75caaa474f3a663f05f4",
        "is_verified": false,
        "line_number": 64
      }
    ],
    "check_db.py": [
      {
        "type": "Basic Auth Credentials",
        "filename": "check_db.py",
        "hashed_secret": "e5e9fa1ba31ecd1ae84f75caaa474f3a663f05f4",
        "is_verified": false,
        "line_number": 6
      }
    ],
    "check_recent_tasks.py": [
      {
        "type": "Basic Auth Credentials",
        "filename": "check_recent_tasks.py",
        "hashed_secret": "e5e9fa1ba31ecd1ae84f75caaa474f3a663f05f4",
        "is_verified": false,
        "line_number": 7
      }
    ],
    "check_tasks.py": [
      {
        "type": "Basic Auth Credentials",
        "filename": "check_tasks.py",
        "hashed_secret": "e5e9fa1ba31ecd1ae84f75caaa474f3a663f05f4",
        "is_verified": false,
        "line_number": 6
      }
    ],
    "cleanup_db.py": [
      {
        "type": "Basic Auth Credentials",
        "filename": "cleanup_db.py",
        "hashed_secret": "e5e9fa1ba31ecd1ae84f75caaa474f3a663f05f4",
        "is_verified": false,
        "line_number": 6
      }
    ],
    "config.py": [
      {
        "type": "Basic Auth Credentials",
        "filename": "config.py",
        "hashed_secret": "e5e9fa1ba31ecd1ae84f75caaa474f3a663f05f4",
        "is_verified": false,
        "line_number": 42
      },
      {
        "type": "Secret Keyword",
        "filename": "config.py",
        "hashed_secret": "a5c01e694764bcf09315443c6476e283e6f77906",
        "is_verified": false,
        "line_number": 103
      }
    ],
    "debug_db.py": [
      {
        "type": "Basic Auth Credentials",
        "filename": "debug_db.py",
        "hashed_secret": "e5e9fa1ba31ecd1ae84f75caaa474f3a663f05f4",
        "is_verified": false,
        "line_number": 7
      }
    ],
    "debug_db_docker.py": [
      {
        "type": "Basic Auth Credentials",
        "filename": "debug_db_docker.py",
        "hashed_secret": "e5e9fa1ba31ecd1ae84f75caaa474f3a663f05f4",
        "is_verified": false,
        "line_number": 9
      }
    ],
    "docs/ALL_DATA_LOCAL.md": [
      {
        "type": "Basic Auth Credentials",
        "filename": "docs/ALL_DATA_LOCAL.md",
        "hashed_secret": "e5e9fa1ba31ecd1ae84f75caaa474f3a663f05f4",
        "is_verified": false,
        "line_number": 10
      }
    ],
    "docs/CURATOR_RUNBOOK.md": [
      {
        "type": "Basic Auth Credentials",
        "filename": "docs/CURATOR_RUNBOOK.md",
        "hashed_secret": "e5e9fa1ba31ecd1ae84f75caaa474f3a663f05f4",
        "is_verified": false,
        "line_number": 150
      }
    ],
    "docs/DATABASE_LOCAL_ONLY.md": [
      {
        "type": "Basic Auth Credentials",
        "filename": "docs/DATABASE_LOCAL_ONLY.md",
        "hashed_secret": "e5e9fa1ba31ecd1ae84f75caaa474f3a663f05f4",
        "is_verified": false,
        "line_number": 8
      }
    ],
    "docs/KNOWLEDGE_OS_INTEGRATION.md": [
      {
        "type": "Basic Auth Credentials",
        "filename": "docs/KNOWLEDGE_OS_INTEGRATION.md",
        "hashed_secret": "e5e9fa1ba31ecd1ae84f75caaa474f3a663f05f4",
        "is_verified": false,
        "line_number": 31
      }
    ],
    "docs/KNOWLEDGE_RESTORE.md": [
      {
        "type": "Basic Auth Credentials",
        "filename": "docs/KNOWLEDGE_RESTORE.md",
        "hashed_secret": "e5e9fa1ba31ecd1ae84f75caaa474f3a663f05f4",
        "is_verified": false,
        "line_number": 50
      }
    ],
    "docs/MEMORY_LEAK_FIX_56GB.md": [
      {
        "type": "Basic Auth Credentials",
        "filename": "docs/MEMORY_LEAK_FIX_56GB.md",
        "hashed_secret": "e5e9fa1ba31ecd1ae84f75caaa474f3a663f05f4",
        "is_verified": false,
        "line_number": 156
      }
    ],
    "docs/NO_STUBS_CHECKLIST.md": [
      {
        "type": "Basic Auth Credentials",
        "filename": "docs/NO_STUBS_CHECKLIST.md",
        "hashed_secret": "e5e9fa1ba31ecd1ae84f75caaa474f3a663f05f4",
        "is_verified": false,
        "line_number": 85
      }
    ],
    "docs/PATH_MANAGEMENT_10_10.md": [
      {
        "type": "Basic Auth Credentials",
        "filename": "docs/PATH_MANAGEMENT_10_10.md",
        "hashed_secret": "e5e9fa1ba31ecd1ae84f75caaa474f3a663f05f4",
        "is_verified": false,
        "line_number": 148
      }
    ],
    "docs/PGVECTOR_SETUP.md": [
      {
        "type": "Basic Auth Credentials",
        "filename": "docs/PGVECTOR_SETUP.md",
        "hashed_secret": "e5e9fa1ba31ecd1ae84f75caaa474f3a663f05f4",
        "is_verified": false,
        "line_number": 25
      }
    ],
    "docs/RUN_EVERYTHING.md": [
      {
        "type": "Basic Auth Credentials",
        "filename": "docs/RUN_EVERYTHING.md",
        "hashed_secret": "e5e9fa1ba31ecd1ae84f75caaa474f3a663f05f4",
        "is_verified": false,
        "line_number": 32
      }
    ],
    "docs/RUN_ORCHESTRATOR_AND_NIGHTLY.md": [
      {
        "type": "Basic Auth Credentials",
        "filename": "docs/RUN_ORCHESTRATOR_AND_NIGHTLY.md",
        "hashed_secret": "e5e9fa1ba31ecd1ae84f75caaa474f3a663f05f4",
        "is_verified": false,
        "line_number": 20
      }
    ],
    "docs/SCOUT_RESEARCHER_STATUS.md": [
      {
        "type": "Basic Auth Credentials",
        "filename": "docs/SCOUT_RESEARCHER_STATUS.md",
        "hashed_secret": "e5e9fa1ba31ecd1ae84f75caaa474f3a663f05f4",
        "is_verified": false,
        "line_number": 110
      }
    ],
    "docs/SEMANTIC_AI_CACHE_WHY_EMPTY.md": [
      {
        "type": "Basic Auth Credentials",
        "filename": "docs/SEMANTIC_AI_CACHE_WHY_EMPTY.md",
        "hashed_secret": "e5e9fa1ba31ecd1ae84f75caaa474f3a663f05f4",
        "is_verified": false,
        "line_number": 11
      }
    ],
    "docs/SIMULATOR_UPDATE.md": [
      {
        "type": "Basic Auth Credentials",
        "filename": "docs/SIMULATOR_UPDATE.md",
        "hashed_secret": "e5e9fa1ba31ecd1ae84f75caaa474f3a663f05f4",
        "is_verified": false,
        "line_number": 20
      }
    ],
    "docs/SINGULARITY_10_0_RUNBOOK.md": [
      {
        "type": "Basic Auth Credentials",
        "filename": "docs/SINGULARITY_10_0_RUNBOOK.md",
        "hashed_secret": "e5e9fa1ba31ecd1ae84f75caaa474f3a663f05f4",
        "is_verified": false,
        "line_number": 14
      }
    ],
    "docs/SINGULARITY_3_0_IMPROVEMENT_11_COMPLETE.md": [
      {
        "type": "Secret Keyword",
        "filename": "docs/SINGULARITY_3_0_IMPROVEMENT_11_COMPLETE.md",
        "hashed_secret": "ea0c04513c32717f3a09ff7b1fa882c4d8424b2a",
        "is_verified": false,
        "line_number": 152
      }
    ],
    "docs/SINGULARITY_3_0_IMPROVEMENT_13_COMPLETE.md": [
      {
        "type": "Secret Keyword",
        "filename": "docs/SINGULARITY_3_0_IMPROVEMENT_13_COMPLETE.md",
        "hashed_secret": "ecb252044b5ea0f679ee78ec1a12904739e2904d",
        "is_verified": false,
        "line_number": 181
      }
    ],
    "docs/SINGULARITY_3_0_IMPROVEMENT_15_COMPLETE.md": [
      {
        "type": "Basic Auth Credentials",
        "filename": "docs/SINGULARITY_3_0_IMPROVEMENT_15_COMPLETE.md",
        "hashed_secret": "e5e9fa1ba31ecd1ae84f75caaa474f3a663f05f4",
        "is_verified": false,
        "line_number": 200
      }
    ],
    "docs/SINGULARITY_3_0_IMPROVEMENT_6_COMPLETE.md": [
      {
        "type": "Basic Auth Credentials",
        "filename": "docs/SINGULARITY_3_0_IMPROVEMENT_6_COMPLETE.md",
        "hashed_secret": "e5e9fa1ba31ecd1ae84f75caaa474f3a663f05f4",
        "is_verified": false,
        "line_number": 183
      }
    ],
    "docs/WHY_NO_LEARNING_DEBATES_HYPOTHESES_TASKS.md": [
      {
        "type": "Basic Auth Credentials",
        "filename": "docs/WHY_NO_LEARNING_DEBATES_HYPOTHESES_TASKS.md",
        "hashed_secret": "e5e9fa1ba31ecd1ae84f75caaa474f3a663f05f4",
        "is_verified": false,
        "line_number": 109
      }
    ],
    "docs/archive/root_reports/AUTONOMOUS_SYSTEMS_AUTO_START.md": [
      {
        "type": "Basic Auth Credentials",
        "filename": "docs/archive/root_reports/AUTONOMOUS_SYSTEMS_AUTO_START.md",
        "hashed_secret": "e5e9fa1ba31ecd1ae84f75caaa474f3a663f05f4",
        "is_verified": false,
        "line_number": 157
      }
    ],
    "docs/archive/root_reports/CHATS_FULL_STUDY_COMPLETE.md": [
      {
        "type": "Basic Auth Credentials",
        "filename": "docs/archive/root_reports/CHATS_FULL_STUDY_COMPLETE.md",
        "hashed_secret": "e5e9fa1ba31ecd1ae84f75caaa474f3a663f05f4",
        "is_verified": false,
        "line_number": 37
      }
    ],
    "docs/archive/root_reports/CHATS_IMPORTANT_FINDINGS.md": [
      {
        "type": "Basic Auth Credentials",
        "filename": "docs/archive/root_reports/CHATS_IMPORTANT_FINDINGS.md",
        "hashed_secret": "e5e9fa1ba31ecd1ae84f75caaa474f3a663f05f4",
        "is_verified": false,
        "line_number": 16
      }
    ],
    "docs/archive/root_reports/CHATS_STUDY_REPORT.md": [
      {
        "type": "Basic Auth Credentials",
        "filename": "docs/archive/root_reports/CHATS_STUDY_REPORT.md",
        "hashed_secret": "e5e9fa1ba31ecd1ae84f75caaa474f3a663f05f4",
        "is_verified": false,
        "line_number": 88
      }
    ],
    "docs/archive/root_reports/CLAUDE_CODE_MLX_SUPPORT.md": [
      {
        "type": "Secret Keyword",
        "filename": "docs/archive/root_reports/CLAUDE_CODE_MLX_SUPPORT.md",
        "hashed_secret": "8ed4322e8e2790b8c928d381ce8d07cfd966e909",
        "is_verified": false,
        "line_number": 152
      }
    ],
    "docs/archive/root_reports/DATABASE_FIX_SUMMARY.md": [
      {
        "type": "Basic Auth Credentials",
        "filename": "docs/archive/root_reports/DATABASE_FIX_SUMMARY.md",
        "hashed_secret": "e5e9fa1ba31ecd1ae84f75caaa474f3a663f05f4",
        "is_verified": false,
        "line_number": 22
      }
    ],
    "docs/archive/root_reports/DEPLOYMENT_COMPLETE.md": [
      {
        "type": "Basic Auth Credentials",
        "filename": "docs/archive/root_reports/DEPLOYMENT_COMPLETE.md",
        "hashed_secret": "e5e9fa1ba31ecd1ae84f75caaa474f3a663f05f4",
        "is_verified": false,
        "line_number": 100
      }
    ],
    "docs/archive/root_reports/ERRORS_FIXED.md": [
      {
        "type": "Basic Auth Credentials",
        "filename": "docs/archive/root_reports/ERRORS_FIXED.md",
        "hashed_secret": "e5e9fa1ba31ecd1ae84f75caaa474f3a663f05f4",
        "is_verified": false,
        "line_number": 54
      }
    ],
    "docs/archive/root_reports/EXPERTS_CONNECTION_COMPLETE.md": [
      {
        "type": "Basic Auth Credentials",
        "filename": "docs/archive/root_reports/EXPERTS_CONNECTION_COMPLETE.md",
        "hashed_secret": "e5e9fa1ba31ecd1ae84f75caaa474f3a663f05f4",
        "is_verified": false,
        "line_number": 59
      }
    ],
    "docs/archive/root_reports/FINAL_CONFIGURATION.md": [
      {
        "type": "Basic Auth Credentials",
        "filename": "docs/archive/root_reports/FINAL_CONFIGURATION.md",
        "hashed_secret": "e5e9fa1ba31ecd1ae84f75caaa474f3a663f05f4",
        "is_verified": false,
        "line_number": 39
      }
    ],
    "docs/archive/root_reports/FINAL_TRACE_REPORT.md": [
      {
        "type": "Basic Auth Credentials",
        "filename": "docs/archive/root_reports/FINAL_TRACE_REPORT.md",
        "hashed_secret": "9d4e1e23bd5b727046a9e3b4b7db57bd8d6ee684",
        "is_verified": false,
        "line_number": 276
      }
    ],
    "docs/archive/root_reports/KNOWLEDGE_BASE_STRUCTURE.md": [
      {
        "type": "Basic Auth Credentials",
        "filename": "docs/archive/root_reports/KNOWLEDGE_BASE_STRUCTURE.md",
        "hashed_secret": "e5e9fa1ba31ecd1ae84f75caaa474f3a663f05f4",
        "is_verified": false,
        "line_number": 14
      }
    ],
    "docs/archive/root_reports/MODELS_AND_EXPERTS_STATUS.md": [
      {
        "type": "Basic Auth Credentials",
        "filename": "docs/archive/root_reports/MODELS_AND_EXPERTS_STATUS.md",
        "hashed_secret": "e5e9fa1ba31ecd1ae84f75caaa474f3a663f05f4",
        "is_verified": false,
        "line_number": 28
      }
    ],
    "docs/archive/root_reports/READY_FOR_FULL_TEST.md": [
      {
        "type": "Basic Auth Credentials",
        "filename": "docs/archive/root_reports/READY_FOR_FULL_TEST.md",
        "hashed_secret": "9d4e1e23bd5b727046a9e3b4b7db57bd8d6ee684",
        "is_verified": false,
        "line_number": 52
      }
    ],
    "docs/archive/root_reports/RESTART_VICTORIA.md": [
      {
        "type": "Basic Auth Credentials",
        "filename": "docs/archive/root_reports/RESTART_VICTORIA.md",
        "hashed_secret": "e5e9fa1ba31ecd1ae84f75caaa474f3a663f05f4",
        "is_verified": false,
        "line_number": 115
      }
    ],
    "docs/archive/root_reports/UTILITIES_VERIFICATION.md": [
      {
        "type": "Basic Auth Credentials",
        "filename": "docs/archive/root_reports/UTILITIES_VERIFICATION.md",
        "hashed_secret": "e5e9fa1ba31ecd1ae84f75caaa474f3a663f05f4",
        "is_verified": false,
        "line_number": 71
      }
    ],
    "docs/archive/root_reports/VICTORIA_CORPORATION_CONNECTED.md": [
      {
        "type": "Basic Auth Credentials",
        "filename": "docs/archive/root_reports/VICTORIA_CORPORATION_CONNECTED.md",
        "hashed_secret": "e5e9fa1ba31ecd1ae84f75caaa474f3a663f05f4",
        "is_verified": false,
        "line_number": 152
      }
    ],
    "docs/archive/root_reports/VICTORIA_DATABASE_CONNECTION.md": [
      {
        "type": "Basic Auth Credentials",
        "filename": "docs/archive/root_reports/VICTORIA_DATABASE_CONNECTION.md",
        "hashed_secret": "e5e9fa1ba31ecd1ae84f75caaa474f3a663f05f4",
        "is_verified": false,
        "line_number": 13
      }
    ],
    "docs/mac-studio/CORPORATION_STATUS_REPORT.md": [
      {
        "type": "Basic Auth Credentials",
        "filename": "docs/mac-studio/CORPORATION_STATUS_REPORT.md",
        "hashed_secret": "e5e9fa1ba31ecd1ae84f75caaa474f3a663f05f4",
        "is_verified": false,
        "line_number": 206
      }
    ],
    "docs/mac-studio/FIXES_APPLIED.md": [
      {
        "type": "Basic Auth Credentials",
        "filename": "docs/mac-studio/FIXES_APPLIED.md",
        "hashed_secret": "e5e9fa1ba31ecd1ae84f75caaa474f3a663f05f4",
        "is_verified": false,
        "line_number": 44
      }
    ],
    "docs/mac-studio/FIXES_COMPLETE.md": [
      {
        "type": "Basic Auth Credentials",
        "filename": "docs/mac-studio/FIXES_COMPLETE.md",
        "hashed_secret": "e5e9fa1ba31ecd1ae84f75caaa474f3a663f05f4",
        "is_verified": false,
        "line_number": 38
      }
    ],
    "docs/mac-studio/FIX_SSH_KEY_SETUP.md": [
      {
        "type": "Private Key",
        "filename": "docs/mac-studio/FIX_SSH_KEY_SETUP.md",
        "hashed_secret": "27c6929aef41ae2bcadac15ca6abcaff72cda9cd",
        "is_verified": false,
        "line_number": 34
      }
    ],
    "docs/mac-studio/HYPOTHESES_SYSTEM_STATUS.md": [
      {
        "type": "Basic Auth Credentials",
        "filename": "docs/mac-studio/HYPOTHESES_SYSTEM_STATUS.md",
        "hashed_secret": "e5e9fa1ba31ecd1ae84f75caaa474f3a663f05f4",
        "is_verified": false,
        "line_number": 193
      }
    ],
    "docs/mac-studio/VICTORIA_DEPLOYMENT_STATUS.md": [
      {
        "type": "Basic Auth Credentials",
        "filename": "docs/mac-studio/VICTORIA_DEPLOYMENT_STATUS.md",
        "hashed_secret": "e5e9fa1ba31ecd1ae84f75caaa474f3a663f05f4",
        "is_verified": false,
        "line_number": 53
      }
    ],
    "docs/mac-studio/VICTORIA_IMPROVEMENTS_COMPLETE.md": [
      {
        "type": "Basic Auth Credentials",
        "filename": "docs/mac-studio/VICTORIA_IMPROVEMENTS_COMPLETE.md",
        "hashed_secret": "e5e9fa1ba31ecd1ae84f75caaa474f3a663f05f4",
        "is_verified": false,
        "line_number": 132
      }
    ],
    "docs/mac-studio/VICTORIA_IMPROVEMENTS_IMPLEMENTATION.md": [
      {
        "type": "Basic Auth Credentials",
        "filename": "docs/mac-studio/VICTORIA_IMPROVEMENTS_IMPLEMENTATION.md",
        "hashed_secret": "e5e9fa1ba31ecd1ae84f75caaa474f3a663f05f4",
        "is_verified": false,
        "line_number": 426
      }
    ],
    "knowledge_os/app/adversarial_implementation_generator.py": [
      {
        "type": "Basic Auth Credentials",
        "filename": "knowledge_os/app/adversarial_implementation_generator.py",
        "hashed_secret": "e5e9fa1ba31ecd1ae84f75caaa474f3a663f05f4",
        "is_verified": false,
        "line_number": 35
      }
    ],
    "knowledge_os/app/ai_core.py": [
      {
        "type": "Basic Auth Credentials",
        "filename": "knowledge_os/app/ai_core.py",
        "hashed_secret": "e5e9fa1ba31ecd1ae84f75caaa474f3a663f05f4",
        "is_verified": false,
        "line_number": 436
      }
    ],
    "knowledge_os/app/architecture_profiler.py": [
      {
        "type": "Basic Auth Credentials",
        "filename": "knowledge_os/app/architecture_profiler.py",
        "hashed_secret": "e5e9fa1ba31ecd1ae84f75caaa474f3a663f05f4",
        "is_verified": false,
        "line_number": 28
      }
    ],
    "knowledge_os/app/auto_backup_manager.py": [
      {
        "type": "Basic Auth Credentials",
        "filename": "knowledge_os/app/auto_backup_manager.py",
        "hashed_secret": "5baa61e4c9b93f3f0682250b6cf8331b7ee68fd8",
        "is_verified": false,
        "line_number": 72
      },
      {
        "type": "Basic Auth Credentials",
        "filename": "knowledge_os/app/auto_backup_manager.py",
        "hashed_secret": "e5e9fa1ba31ecd1ae84f75caaa474f3a663f05f4",
        "is_verified": false,
        "line_number": 329
      }
    ],
    "knowledge_os/app/autonomous_distillation.py": [
      {
        "type": "Basic Auth Credentials",
        "filename": "knowledge_os/app/autonomous_distillation.py",
        "hashed_secret": "e5e9fa1ba31ecd1ae84f75caaa474f3a663f05f4",
        "is_verified": false,
        "line_number": 26
      }
    ],
    "knowledge_os/app/browser_operator.py": [
      {
        "type": "Secret Keyword",
        "filename": "knowledge_os/app/browser_operator.py",
        "hashed_secret": "b5c2827eb65bf13b87130e7e3c424ba9ff07cd67",
        "is_verified": false,
        "line_number": 61
      }
    ],
    "knowledge_os/app/context_scaler.py": [
      {
        "type": "Basic Auth Credentials",
        "filename": "knowledge_os/app/context_scaler.py",
        "hashed_secret": "e5e9fa1ba31ecd1ae84f75caaa474f3a663f05f4",
        "is_verified": false,
        "line_number": 26
      }
    ],
    "knowledge_os/app/corporation_complete_knowledge.py": [
      {
        "type": "Basic Auth Credentials",
        "filename": "knowledge_os/app/corporation_complete_knowledge.py",
        "hashed_secret": "e5e9fa1ba31ecd1ae84f75caaa474f3a663f05f4",
        "is_verified": false,
        "line_number": 41
      }
    ],
    "knowledge_os/app/corporation_knowledge_system.py": [
      {
        "type": "Basic Auth Credentials",
        "filename": "knowledge_os/app/corporation_knowledge_system.py",
        "hashed_secret": "e5e9fa1ba31ecd1ae84f75caaa474f3a663f05f4",
        "is_verified": false,
        "line_number": 43
      }
    ],
    "knowledge_os/app/corporation_self_learning.py": [
      {
        "type": "Basic Auth Credentials",
        "filename": "knowledge_os/app/corporation_self_learning.py",
        "hashed_secret": "e5e9fa1ba31ecd1ae84f75caaa474f3a663f05f4",
        "is_verified": false,
        "line_number": 331
      }
    ],
    "knowledge_os/app/deadline_tracker.py": [
      {
        "type": "Basic Auth Credentials",
        "filename": "knowledge_os/app/deadline_tracker.py",
        "hashed_secret": "e5e9fa1ba31ecd1ae84f75caaa474f3a663f05f4",
        "is_verified": false,
        "line_number": 76
      }
    ],
    "knowledge_os/app/department_heads_system.py": [
      {
        "type": "Basic Auth Credentials",
        "filename": "knowledge_os/app/department_heads_system.py",
        "hashed_secret": "e5e9fa1ba31ecd1ae84f75caaa474f3a663f05f4",
        "is_verified": false,
        "line_number": 147
      }
    ],
    "knowledge_os/app/disaster_recovery.py": [
      {
        "type": "Basic Auth Credentials",
        "filename": "knowledge_os/app/disaster_recovery.py",
        "hashed_secret": "e5e9fa1ba31ecd1ae84f75caaa474f3a663f05f4",
        "is_verified": false,
        "line_number": 245
      }
    ],
    "knowledge_os/app/doc_generator.py": [
      {
        "type": "Secret Keyword",
        "filename": "knowledge_os/app/doc_generator.py",
        "hashed_secret": "5baa61e4c9b93f3f0682250b6cf8331b7ee68fd8",
        "is_verified": false,
        "line_number": 335
      },
      {
        "type": "Secret Keyword",
        "filename": "knowledge_os/app/doc_generator.py",
        "hashed_secret": "ea0c04513c32717f3a09ff7b1fa882c4d8424b2a",
        "is_verified": false,
        "line_number": 393
      }
    ],
    "knowledge_os/app/enhanced_orchestrator.py": [
      {
        "type": "Basic Auth Credentials",
        "filename": "knowledge_os/app/enhanced_orchestrator.py",
        "hashed_secret": "e5e9fa1ba31ecd1ae84f75caaa474f3a663f05f4",
        "is_verified": false,
        "line_number": 326
      }
    ],
    "knowledge_os/app/enhanced_orchestrator_v2.py": [
      {
        "type": "Basic Auth Credentials",
        "filename": "knowledge_os/app/enhanced_orchestrator_v2.py",
        "hashed_secret": "e5e9fa1ba31ecd1ae84f75caaa474f3a663f05f4",
        "is_verified": false,
        "line_number": 83
      }
    ],
    "knowledge_os/app/evaluator.py": [
      {
        "type": "Basic Auth Credentials",
        "filename": "knowledge_os/app/evaluator.py",
        "hashed_secret": "e5e9fa1ba31ecd1ae84f75caaa474f3a663f05f4",
        "is_verified": false,
        "line_number": 17
      }
    ],
    "knowledge_os/app/expert_aliases.py": [
      {
        "type": "Basic Auth Credentials",
        "filename": "knowledge_os/app/expert_aliases.py",
        "hashed_secret": "e5e9fa1ba31ecd1ae84f75caaa474f3a663f05f4",
        "is_verified": false,
        "line_number": 42
      }
    ],
    "knowledge_os/app/expert_generator.py": [
      {
        "type": "Basic Auth Credentials",
        "filename": "knowledge_os/app/expert_generator.py",
        "hashed_secret": "e5e9fa1ba31ecd1ae84f75caaa474f3a663f05f4",
        "is_verified": false,
        "line_number": 57
      }
    ],
    "knowledge_os/app/expert_hiring_manager.py": [
      {
        "type": "Basic Auth Credentials",
        "filename": "knowledge_os/app/expert_hiring_manager.py",
        "hashed_secret": "e5e9fa1ba31ecd1ae84f75caaa474f3a663f05f4",
        "is_verified": false,
        "line_number": 23
      }
    ],
    "knowledge_os/app/expert_validator.py": [
      {
        "type": "Basic Auth Credentials",
        "filename": "knowledge_os/app/expert_validator.py",
        "hashed_secret": "e5e9fa1ba31ecd1ae84f75caaa474f3a663f05f4",
        "is_verified": false,
        "line_number": 51
      }
    ],
    "knowledge_os/app/federated_learner.py": [
      {
        "type": "Basic Auth Credentials",
        "filename": "knowledge_os/app/federated_learner.py",
        "hashed_secret": "e5e9fa1ba31ecd1ae84f75caaa474f3a663f05f4",
        "is_verified": false,
        "line_number": 21
      }
    ],
    "knowledge_os/app/force_worker.py": [
      {
        "type": "Basic Auth Credentials",
        "filename": "knowledge_os/app/force_worker.py",
        "hashed_secret": "e5e9fa1ba31ecd1ae84f75caaa474f3a663f05f4",
        "is_verified": false,
        "line_number": 18
      }
    ],
    "knowledge_os/app/global_scout.py": [
      {
        "type": "Basic Auth Credentials",
        "filename": "knowledge_os/app/global_scout.py",
        "hashed_secret": "e5e9fa1ba31ecd1ae84f75caaa474f3a663f05f4",
        "is_verified": false,
        "line_number": 61
      }
    ],
    "knowledge_os/app/graphrag/graphrag_service.py": [
      {
        "type": "Basic Auth Credentials",
        "filename": "knowledge_os/app/graphrag/graphrag_service.py",
        "hashed_secret": "e5e9fa1ba31ecd1ae84f75caaa474f3a663f05f4",
        "is_verified": false,
        "line_number": 20
      }
    ],
    "knowledge_os/app/hierarchical_memory.py": [
      {
        "type": "Basic Auth Credentials",
        "filename": "knowledge_os/app/hierarchical_memory.py",
        "hashed_secret": "e5e9fa1ba31ecd1ae84f75caaa474f3a663f05f4",
        "is_verified": false,
        "line_number": 24
      }
    ],
    "knowledge_os/app/intelligent_model_router.py": [
      {
        "type": "Basic Auth Credentials",
        "filename": "knowledge_os/app/intelligent_model_router.py",
        "hashed_secret": "e5e9fa1ba31ecd1ae84f75caaa474f3a663f05f4",
        "is_verified": false,
        "line_number": 598
      }
    ],
    "knowledge_os/app/knowledge_graph.py": [
      {
        "type": "Basic Auth Credentials",
        "filename": "knowledge_os/app/knowledge_graph.py",
        "hashed_secret": "e5e9fa1ba31ecd1ae84f75caaa474f3a663f05f4",
        "is_verified": false,
        "line_number": 32
      }
    ],
    "knowledge_os/app/load_predictor.py": [
      {
        "type": "Basic Auth Credentials",
        "filename": "knowledge_os/app/load_predictor.py",
        "hashed_secret": "e5e9fa1ba31ecd1ae84f75caaa474f3a663f05f4",
        "is_verified": false,
        "line_number": 23
      }
    ],
    "knowledge_os/app/memory_consolidator.py": [
      {
        "type": "Basic Auth Credentials",
        "filename": "knowledge_os/app/memory_consolidator.py",
        "hashed_secret": "e5e9fa1ba31ecd1ae84f75caaa474f3a663f05f4",
        "is_verified": false,
        "line_number": 39
      }
    ],
    "knowledge_os/app/meta_architect.py": [
      {
        "type": "Basic Auth Credentials",
        "filename": "knowledge_os/app/meta_architect.py",
        "hashed_secret": "e5e9fa1ba31ecd1ae84f75caaa474f3a663f05f4",
        "is_verified": false,
        "line_number": 78
      }
    ],
    "knowledge_os/app/model_performance_tracker.py": [
      {
        "type": "Basic Auth Credentials",
        "filename": "knowledge_os/app/model_performance_tracker.py",
        "hashed_secret": "e5e9fa1ba31ecd1ae84f75caaa474f3a663f05f4",
        "is_verified": false,
        "line_number": 239
      }
    ],
    "knowledge_os/app/optimizers.py": [
      {
        "type": "Basic Auth Credentials",
        "filename": "knowledge_os/app/optimizers.py",
        "hashed_secret": "e5e9fa1ba31ecd1ae84f75caaa474f3a663f05f4",
        "is_verified": false,
        "line_number": 101
      }
    ],
    "knowledge_os/app/radar.py": [
      {
        "type": "Basic Auth Credentials",
        "filename": "knowledge_os/app/radar.py",
        "hashed_secret": "e5e9fa1ba31ecd1ae84f75caaa474f3a663f05f4",
        "is_verified": false,
        "line_number": 12
      }
    ],
    "knowledge_os/app/researcher.py": [
      {
        "type": "Basic Auth Credentials",
        "filename": "knowledge_os/app/researcher.py",
        "hashed_secret": "e5e9fa1ba31ecd1ae84f75caaa474f3a663f05f4",
        "is_verified": false,
        "line_number": 25
      }
    ],
    "knowledge_os/app/safety_verifier.py": [
      {
        "type": "Basic Auth Credentials",
        "filename": "knowledge_os/app/safety_verifier.py",
        "hashed_secret": "e5e9fa1ba31ecd1ae84f75caaa474f3a663f05f4",
        "is_verified": false,
        "line_number": 39
      }
    ],
    "knowledge_os/app/secret_manager.py": [
      {
        "type": "Basic Auth Credentials",
        "filename": "knowledge_os/app/secret_manager.py",
        "hashed_secret": "e5e9fa1ba31ecd1ae84f75caaa474f3a663f05f4",
        "is_verified": false,
        "line_number": 227
      }
    ],
    "knowledge_os/app/self_check_system.py": [
      {
        "type": "Basic Auth Credentials",
        "filename": "knowledge_os/app/self_check_system.py",
        "hashed_secret": "e5e9fa1ba31ecd1ae84f75caaa474f3a663f05f4",
        "is_verified": false,
        "line_number": 200
      }
    ],
    "knowledge_os/app/semantic_cache.py": [
      {
        "type": "Basic Auth Credentials",
        "filename": "knowledge_os/app/semantic_cache.py",
        "hashed_secret": "e5e9fa1ba31ecd1ae84f75caaa474f3a663f05f4",
        "is_verified": false,
        "line_number": 31
      }
    ],
    "knowledge_os/app/server_46_knowledge_extractor.py": [
      {
        "type": "Basic Auth Credentials",
        "filename": "knowledge_os/app/server_46_knowledge_extractor.py",
        "hashed_secret": "e5e9fa1ba31ecd1ae84f75caaa474f3a663f05f4",
        "is_verified": false,
        "line_number": 36
      }
    ],
    "knowledge_os/app/shadow_evaluator.py": [
      {
        "type": "Basic Auth Credentials",
        "filename": "knowledge_os/app/shadow_evaluator.py",
        "hashed_secret": "e5e9fa1ba31ecd1ae84f75caaa474f3a663f05f4",
        "is_verified": false,
        "line_number": 29
      }
    ],
    "knowledge_os/app/skill_discovery.py": [
      {
        "type": "Basic Auth Credentials",
        "filename": "knowledge_os/app/skill_discovery.py",
        "hashed_secret": "e5e9fa1ba31ecd1ae84f75caaa474f3a663f05f4",
        "is_verified": false,
        "line_number": 53
      }
    ],
    "knowledge_os/app/sla_monitor.py": [
      {
        "type": "Basic Auth Credentials",
        "filename": "knowledge_os/app/sla_monitor.py",
        "hashed_secret": "e5e9fa1ba31ecd1ae84f75caaa474f3a663f05f4",
        "is_verified": false,
        "line_number": 30
      }
    ],
    "knowledge_os/app/swarm_orchestrator.py": [
      {
        "type": "Basic Auth Credentials",
        "filename": "knowledge_os/app/swarm_orchestrator.py",
        "hashed_secret": "e5e9fa1ba31ecd1ae84f75caaa474f3a663f05f4",
        "is_verified": false,
        "line_number": 40
      }
    ],
    "knowledge_os/app/synthetic_generator.py": [
      {
        "type": "Basic Auth Credentials",
        "filename": "knowledge_os/app/synthetic_generator.py",
        "hashed_secret": "e5e9fa1ba31ecd1ae84f75caaa474f3a663f05f4",
        "is_verified": false,
        "line_number": 39
      }
    ],
    "knowledge_os/app/task_orchestration/expert_matching_engine.py": [
      {
        "type": "Basic Auth Credentials",
        "filename": "knowledge_os/app/task_orchestration/expert_matching_engine.py",
        "hashed_secret": "e5e9fa1ba31ecd1ae84f75caaa474f3a663f05f4",
        "is_verified": false,
        "line_number": 40
      }
    ],
    "knowledge_os/app/task_orchestration/smart_worker_integration.py": [
      {
        "type": "Basic Auth Credentials",
        "filename": "knowledge_os/app/task_orchestration/smart_worker_integration.py",
        "hashed_secret": "e5e9fa1ba31ecd1ae84f75caaa474f3a663f05f4",
        "is_verified": false,
        "line_number": 32
      }
    ],
    "knowledge_os/app/victoria_enhanced.py": [
      {
        "type": "Basic Auth Credentials",
        "filename": "knowledge_os/app/victoria_enhanced.py",
        "hashed_secret": "e5e9fa1ba31ecd1ae84f75caaa474f3a663f05f4",
        "is_verified": false,
        "line_number": 2187
      }
    ],
    "knowledge_os/app/victoria_event_handlers.py": [
      {
        "type": "Basic Auth Credentials",
        "filename": "knowledge_os/app/victoria_event_handlers.py",
        "hashed_secret": "e5e9fa1ba31ecd1ae84f75caaa474f3a663f05f4",
        "is_verified": false,
        "line_number": 551
      }
    ],
    "knowledge_os/app/victoria_morning_report.py": [
      {
        "type": "Basic Auth Credentials",
        "filename": "knowledge_os/app/victoria_morning_report.py",
        "hashed_secret": "e5e9fa1ba31ecd1ae84f75caaa474f3a663f05f4",
        "is_verified": false,
        "line_number": 76
      }
    ],
    "knowledge_os/app/worker_v3_1.py": [
      {
        "type": "Basic Auth Credentials",
        "filename": "knowledge_os/app/worker_v3_1.py",
        "hashed_secret": "e5e9fa1ba31ecd1ae84f75caaa474f3a663f05f4",
        "is_verified": false,
        "line_number": 16
      }
    ],
    "knowledge_os/cache_normalizer_rs/src/lib.rs": [
      {
        "type": "Hex High Entropy String",
        "filename": "knowledge_os/cache_normalizer_rs/src/lib.rs",
        "hashed_secret": "67a74306b06d0c01624fe0d0249a570f4d093747",
        "is_verified": false,
        "line_number": 104
      }
    ],
    "knowledge_os/dashboard/database_service.py": [
      {
        "type": "Basic Auth Credentials",
        "filename": "knowledge_os/dashboard/database_service.py",
        "hashed_secret": "e5e9fa1ba31ecd1ae84f75caaa474f3a663f05f4",
        "is_verified": false,
        "line_number": 21
      }
    ],
    "knowledge_os/docker-compose.yml": [
      {
        "type": "Secret Keyword",
        "filename": "knowledge_os/docker-compose.yml",
        "hashed_secret": "e5e9fa1ba31ecd1ae84f75caaa474f3a663f05f4",
        "is_verified": false,
        "line_number": 21
      },
      {
        "type": "Basic Auth Credentials",
        "filename": "knowledge_os/docker-compose.yml",
        "hashed_secret": "e5e9fa1ba31ecd1ae84f75caaa474f3a663f05f4",
        "is_verified": false,
        "line_number": 77
      }
    ],
    "knowledge_os/docs/CRITICAL_FIXES_PLAN.md": [
      {
        "type": "Basic Auth Credentials",
        "filename": "knowledge_os/docs/CRITICAL_FIXES_PLAN.md",
        "hashed_secret": "5baa61e4c9b93f3f0682250b6cf8331b7ee68fd8",
        "is_verified": false,
        "line_number": 226
      }
    ],
    "knowledge_os/docs/IMPROVEMENT_IMPLEMENTATION_GUIDE.md": [
      {
        "type": "Secret Keyword",
        "filename": "knowledge_os/docs/IMPROVEMENT_IMPLEMENTATION_GUIDE.md",
        "hashed_secret": "89a6cfe2a229151e8055abee107d45ed087bbb4f",
        "is_verified": false,
        "line_number": 191
      }
    ],
    "knowledge_os/docs/NEWSDATA_INTEGRATION.md": [
      {
        "type": "Secret Keyword",
        "filename": "knowledge_os/docs/NEWSDATA_INTEGRATION.md",
        "hashed_secret": "4b0a89ea7d402f6b84af8b6f28c78466e0891357",
        "is_verified": false,
        "line_number": 12
      }
    ],
    "knowledge_os/docs/NEWS_PARSING_SYSTEM_REPORT.md": [
      {
        "type": "Hex High Entropy String",
        "filename": "knowledge_os/docs/NEWS_PARSING_SYSTEM_REPORT.md",
        "hashed_secret": "8c0ee43a7e836f9bccc4818e7f0cff2a3e3f4576",
        "is_verified": false,
        "line_number": 91
      },
      {
        "type": "Secret Keyword",
        "filename": "knowledge_os/docs/NEWS_PARSING_SYSTEM_REPORT.md",
        "hashed_secret": "8c0ee43a7e836f9bccc4818e7f0cff2a3e3f4576",
        "is_verified": false,
        "line_number": 91
      },
      {
        "type": "Secret Keyword",
        "filename": "knowledge_os/docs/NEWS_PARSING_SYSTEM_REPORT.md",
        "hashed_secret": "4b0a89ea7d402f6b84af8b6f28c78466e0891357",
        "is_verified": false,
        "line_number": 92
      }
    ],
    "knowledge_os/docs/PROJECT_STRUCTURE.md": [
      {
        "type": "Secret Keyword",
        "filename": "knowledge_os/docs/PROJECT_STRUCTURE.md",
        "hashed_secret": "cf95f42ae822ea5b036c070d97e3a43ba9eebb6a",
        "is_verified": false,
        "line_number": 2451
      }
    ],
    "knowledge_os/docs/SINGULARITY_3_0_IMPROVEMENT_11_COMPLETE.md": [
      {
        "type": "Secret Keyword",
        "filename": "knowledge_os/docs/SINGULARITY_3_0_IMPROVEMENT_11_COMPLETE.md",
        "hashed_secret": "ea0c04513c32717f3a09ff7b1fa882c4d8424b2a",
        "is_verified": false,
        "line_number": 152
      }
    ],
    "knowledge_os/docs/SINGULARITY_3_0_IMPROVEMENT_13_COMPLETE.md": [
      {
        "type": "Secret Keyword",
        "filename": "knowledge_os/docs/SINGULARITY_3_0_IMPROVEMENT_13_COMPLETE.md",
        "hashed_secret": "ecb252044b5ea0f679ee78ec1a12904739e2904d",
        "is_verified": false,
        "line_number": 181
      }
    ],
    "knowledge_os/docs/SINGULARITY_3_0_IMPROVEMENT_15_COMPLETE.md": [
      {
        "type": "Basic Auth Credentials",
        "filename": "knowledge_os/docs/SINGULARITY_3_0_IMPROVEMENT_15_COMPLETE.md",
        "hashed_secret": "e5e9fa1ba31ecd1ae84f75caaa474f3a663f05f4",
        "is_verified": false,
        "line_number": 200
      }
    ],
    "knowledge_os/docs/SINGULARITY_3_0_IMPROVEMENT_6_COMPLETE.md": [
      {
        "type": "Basic Auth Credentials",
        "filename": "knowledge_os/docs/SINGULARITY_3_0_IMPROVEMENT_6_COMPLETE.md",
        "hashed_secret": "e5e9fa1ba31ecd1ae84f75caaa474f3a663f05f4",
        "is_verified": false,
        "line_number": 183
      }
    ],
    "knowledge_os/docs/auto_generated/tutorials.md": [
      {
        "type": "Secret Keyword",
        "filename": "knowledge_os/docs/auto_generated/tutorials.md",
        "hashed_secret": "ea0c04513c32717f3a09ff7b1fa882c4d8424b2a",
        "is_verified": false,
        "line_number": 16
      }
    ],
    "knowledge_os/docs/auto_generated/usage_examples.md": [
      {
        "type": "Secret Keyword",
        "filename": "knowledge_os/docs/auto_generated/usage_examples.md",
        "hashed_secret": "5baa61e4c9b93f3f0682250b6cf8331b7ee68fd8",
        "is_verified": false,
        "line_number": 108
      }
    ],
    "knowledge_os/docs/reports/BITGET_TROUBLESHOOTING.md": [
      {
        "type": "Secret Keyword",
        "filename": "knowledge_os/docs/reports/BITGET_TROUBLESHOOTING.md",
        "hashed_secret": "89a6cfe2a229151e8055abee107d45ed087bbb4f",
        "is_verified": false,
        "line_number": 94
      },
      {
        "type": "Secret Keyword",
        "filename": "knowledge_os/docs/reports/BITGET_TROUBLESHOOTING.md",
        "hashed_secret": "d1b7e1c27fc85c2bb6e5f2923451bbc76b156e72",
        "is_verified": false,
        "line_number": 95
      },
      {
        "type": "Secret Keyword",
        "filename": "knowledge_os/docs/reports/BITGET_TROUBLESHOOTING.md",
        "hashed_secret": "b657ad0e338f107b5b6d0cafe605165ab160a205",
        "is_verified": false,
        "line_number": 96
      }
    ],
    "knowledge_os/docs/reports/ENCRYPTION_KEY_FIX.md": [
      {
        "type": "Base64 High Entropy String",
        "filename": "knowledge_os/docs/reports/ENCRYPTION_KEY_FIX.md",
        "hashed_secret": "0deccb104bccea4dce88a04847343680bd6f2f45",
        "is_verified": false,
        "line_number": 20
      }
    ],
    "knowledge_os/scripts/BITGET_API_KEYS_SEARCH_REPORT.md": [
      {
        "type": "Secret Keyword",
        "filename": "knowledge_os/scripts/BITGET_API_KEYS_SEARCH_REPORT.md",
        "hashed_secret": "cf4a956e75901c220c0f5fbaec41987fc6177345",
        "is_verified": false,
        "line_number": 94
      },
      {
        "type": "Secret Keyword",
        "filename": "knowledge_os/scripts/BITGET_API_KEYS_SEARCH_REPORT.md",
        "hashed_secret": "501dc5047dee08296e5ee5203e01d1e03a32d73a",
        "is_verified": false,
        "line_number": 95
      }
    ],
    "knowledge_os/scripts/apply_all_migrations.sh": [
      {
        "type": "Secret Keyword",
        "filename": "knowledge_os/scripts/apply_all_migrations.sh",
        "hashed_secret": "cf95f42ae822ea5b036c070d97e3a43ba9eebb6a",
        "is_verified": false,
        "line_number": 7
      }
    ],
    "knowledge_os/scripts/apply_long_term_memory_migration.sh": [
      {
        "type": "Basic Auth Credentials",
        "filename": "knowledge_os/scripts/apply_long_term_memory_migration.sh",
        "hashed_secret": "e5e9fa1ba31ecd1ae84f75caaa474f3a663f05f4",
        "is_verified": false,
        "line_number": 3
      },
      {
        "type": "Basic Auth Credentials",
        "filename": "knowledge_os/scripts/apply_long_term_memory_migration.sh",
        "hashed_secret": "9d4e1e23bd5b727046a9e3b4b7db57bd8d6ee684",
        "is_verified": false,
        "line_number": 7
      }
    ],
    "knowledge_os/scripts/apply_migration_5_0.sh": [
      {
        "type": "Secret Keyword",
        "filename": "knowledge_os/scripts/apply_migration_5_0.sh",
        "hashed_secret": "cf95f42ae822ea5b036c070d97e3a43ba9eebb6a",
        "is_verified": false,
        "line_number": 6
      }
    ],
    "knowledge_os/scripts/apply_migrations.py": [
      {
        "type": "Basic Auth Credentials",
        "filename": "knowledge_os/scripts/apply_migrations.py",
        "hashed_secret": "e5e9fa1ba31ecd1ae84f75caaa474f3a663f05f4",
        "is_verified": false,
        "line_number": 40
      }
    ],
    "knowledge_os/scripts/apply_organizational_columns_migration.py": [
      {
        "type": "Basic Auth Credentials",
        "filename": "knowledge_os/scripts/apply_organizational_columns_migration.py",
        "hashed_secret": "e5e9fa1ba31ecd1ae84f75caaa474f3a663f05f4",
        "is_verified": false,
        "line_number": 29
      }
    ],
    "knowledge_os/scripts/assign_pending_tasks.py": [
      {
        "type": "Basic Auth Credentials",
        "filename": "knowledge_os/scripts/assign_pending_tasks.py",
        "hashed_secret": "e5e9fa1ba31ecd1ae84f75caaa474f3a663f05f4",
        "is_verified": false,
        "line_number": 9
      }
    ],
    "knowledge_os/scripts/auto_fix_victoria_report.py": [
      {
        "type": "Secret Keyword",
        "filename": "knowledge_os/scripts/auto_fix_victoria_report.py",
        "hashed_secret": "cf95f42ae822ea5b036c070d97e3a43ba9eebb6a",
        "is_verified": false,
        "line_number": 17
      }
    ],
    "knowledge_os/scripts/check_dashboard_status.sh": [
      {
        "type": "Secret Keyword",
        "filename": "knowledge_os/scripts/check_dashboard_status.sh",
        "hashed_secret": "cf95f42ae822ea5b036c070d97e3a43ba9eebb6a",
        "is_verified": false,
        "line_number": 7
      }
    ],
    "knowledge_os/scripts/check_experts_count.py": [
      {
        "type": "Basic Auth Credentials",
        "filename": "knowledge_os/scripts/check_experts_count.py",
        "hashed_secret": "e5e9fa1ba31ecd1ae84f75caaa474f3a663f05f4",
        "is_verified": false,
        "line_number": 78
      }
    ],
    "knowledge_os/scripts/check_server_auto.sh": [
      {
        "type": "Secret Keyword",
        "filename": "knowledge_os/scripts/check_server_auto.sh",
        "hashed_secret": "cf95f42ae822ea5b036c070d97e3a43ba9eebb6a",
        "is_verified": false,
        "line_number": 5
      }
    ],
    "knowledge_os/scripts/check_server_data.sh": [
      {
        "type": "Secret Keyword",
        "filename": "knowledge_os/scripts/check_server_data.sh",
        "hashed_secret": "cf95f42ae822ea5b036c070d97e3a43ba9eebb6a",
        "is_verified": false,
        "line_number": 8
      }
    ],
    "knowledge_os/scripts/clean_restart_bot.sh": [
      {
        "type": "Secret Keyword",
        "filename": "knowledge_os/scripts/clean_restart_bot.sh",
        "hashed_secret": "cf95f42ae822ea5b036c070d97e3a43ba9eebb6a",
        "is_verified": false,
        "line_number": 7
      }
    ],
    "knowledge_os/scripts/close_resolved_auto_audit_tasks.py": [
      {
        "type": "Basic Auth Credentials",
        "filename": "knowledge_os/scripts/close_resolved_auto_audit_tasks.py",
        "hashed_secret": "e5e9fa1ba31ecd1ae84f75caaa474f3a663f05f4",
        "is_verified": false,
        "line_number": 5
      }
    ],
    "knowledge_os/scripts/create_minimal_dashboard.sh": [
      {
        "type": "Secret Keyword",
        "filename": "knowledge_os/scripts/create_minimal_dashboard.sh",
        "hashed_secret": "cf95f42ae822ea5b036c070d97e3a43ba9eebb6a",
        "is_verified": false,
        "line_number": 8
      }
    ],
    "knowledge_os/scripts/create_simple_dashboard.sh": [
      {
        "type": "Secret Keyword",
        "filename": "knowledge_os/scripts/create_simple_dashboard.sh",
        "hashed_secret": "cf95f42ae822ea5b036c070d97e3a43ba9eebb6a",
        "is_verified": false,
        "line_number": 8
      }
    ],
    "knowledge_os/scripts/create_simple_web_dashboard.sh": [
      {
        "type": "Secret Keyword",
        "filename": "knowledge_os/scripts/create_simple_web_dashboard.sh",
        "hashed_secret": "cf95f42ae822ea5b036c070d97e3a43ba9eebb6a",
        "is_verified": false,
        "line_number": 8
      }
    ],
    "knowledge_os/scripts/create_web_dashboard.sh": [
      {
        "type": "Secret Keyword",
        "filename": "knowledge_os/scripts/create_web_dashboard.sh",
        "hashed_secret": "cf95f42ae822ea5b036c070d97e3a43ba9eebb6a",
        "is_verified": false,
        "line_number": 8
      }
    ],
    "knowledge_os/scripts/create_working_dashboard.sh": [
      {
        "type": "Secret Keyword",
        "filename": "knowledge_os/scripts/create_working_dashboard.sh",
        "hashed_secret": "cf95f42ae822ea5b036c070d97e3a43ba9eebb6a",
        "is_verified": false,
        "line_number": 8
      }
    ],
    "knowledge_os/scripts/deploy_4_5_auto.sh": [
      {
        "type": "Secret Keyword",
        "filename": "knowledge_os/scripts/deploy_4_5_auto.sh",
        "hashed_secret": "cf95f42ae822ea5b036c070d97e3a43ba9eebb6a",
        "is_verified": false,
        "line_number": 7
      }
    ],
    "knowledge_os/scripts/deploy_dashboard_fix.sh": [
      {
        "type": "Secret Keyword",
        "filename": "knowledge_os/scripts/deploy_dashboard_fix.sh",
        "hashed_secret": "cf95f42ae822ea5b036c070d97e3a43ba9eebb6a",
        "is_verified": false,
        "line_number": 5
      }
    ],
    "knowledge_os/scripts/deploy_enhancements_auto.sh": [
      {
        "type": "Secret Keyword",
        "filename": "knowledge_os/scripts/deploy_enhancements_auto.sh",
        "hashed_secret": "cf95f42ae822ea5b036c070d97e3a43ba9eebb6a",
        "is_verified": false,
        "line_number": 7
      }
    ],
    "knowledge_os/scripts/deploy_fully_responsive.sh": [
      {
        "type": "Secret Keyword",
        "filename": "knowledge_os/scripts/deploy_fully_responsive.sh",
        "hashed_secret": "cf95f42ae822ea5b036c070d97e3a43ba9eebb6a",
        "is_verified": false,
        "line_number": 7
      }
    ],
    "knowledge_os/scripts/deploy_optimizations_to_server.py": [
      {
        "type": "Secret Keyword",
        "filename": "knowledge_os/scripts/deploy_optimizations_to_server.py",
        "hashed_secret": "cf95f42ae822ea5b036c070d97e3a43ba9eebb6a",
        "is_verified": false,
        "line_number": 14
      }
    ],
    "knowledge_os/scripts/deploy_optimizations_to_server.sh": [
      {
        "type": "Secret Keyword",
        "filename": "knowledge_os/scripts/deploy_optimizations_to_server.sh",
        "hashed_secret": "cf95f42ae822ea5b036c070d97e3a43ba9eebb6a",
        "is_verified": false,
        "line_number": 7
      }
    ],
    "knowledge_os/scripts/deploy_professional_dashboard.sh": [
      {
        "type": "Secret Keyword",
        "filename": "knowledge_os/scripts/deploy_professional_dashboard.sh",
        "hashed_secret": "cf95f42ae822ea5b036c070d97e3a43ba9eebb6a",
        "is_verified": false,
        "line_number": 8
      }
    ],
    "knowledge_os/scripts/deploy_remote.sh": [
      {
        "type": "Secret Keyword",
        "filename": "knowledge_os/scripts/deploy_remote.sh",
        "hashed_secret": "cf95f42ae822ea5b036c070d97e3a43ba9eebb6a",
        "is_verified": false,
        "line_number": 6
      }
    ],
    "knowledge_os/scripts/deploy_stateless_to_staging.sh": [
      {
        "type": "Secret Keyword",
        "filename": "knowledge_os/scripts/deploy_stateless_to_staging.sh",
        "hashed_secret": "cf95f42ae822ea5b036c070d97e3a43ba9eebb6a",
        "is_verified": false,
        "line_number": 8
      }
    ],
    "knowledge_os/scripts/deploy_swap_order.sh": [
      {
        "type": "Secret Keyword",
        "filename": "knowledge_os/scripts/deploy_swap_order.sh",
        "hashed_secret": "cf95f42ae822ea5b036c070d97e3a43ba9eebb6a",
        "is_verified": false,
        "line_number": 7
      }
    ],
    "knowledge_os/scripts/deploy_to_server_auto.sh": [
      {
        "type": "Secret Keyword",
        "filename": "knowledge_os/scripts/deploy_to_server_auto.sh",
        "hashed_secret": "cf95f42ae822ea5b036c070d97e3a43ba9eebb6a",
        "is_verified": false,
        "line_number": 7
      }
    ],
    "knowledge_os/scripts/deployment/auto.py": [
      {
        "type": "Secret Keyword",
        "filename": "knowledge_os/scripts/deployment/auto.py",
        "hashed_secret": "cf95f42ae822ea5b036c070d97e3a43ba9eebb6a",
        "is_verified": false,
        "line_number": 13
      }
    ],
    "knowledge_os/scripts/execute_data_analysis.sh": [
      {
        "type": "Secret Keyword",
        "filename": "knowledge_os/scripts/execute_data_analysis.sh",
        "hashed_secret": "cf95f42ae822ea5b036c070d97e3a43ba9eebb6a",
        "is_verified": false,
        "line_number": 8
      }
    ],
    "knowledge_os/scripts/fix_prod_bot.py": [
      {
        "type": "Secret Keyword",
        "filename": "knowledge_os/scripts/fix_prod_bot.py",
        "hashed_secret": "cf95f42ae822ea5b036c070d97e3a43ba9eebb6a",
        "is_verified": false,
        "line_number": 14
      }
    ],
    "knowledge_os/scripts/fix_victoria_morning_report.sh": [
      {
        "type": "Secret Keyword",
        "filename": "knowledge_os/scripts/fix_victoria_morning_report.sh",
        "hashed_secret": "cf95f42ae822ea5b036c070d97e3a43ba9eebb6a",
        "is_verified": false,
        "line_number": 5
      }
    ],
    "knowledge_os/scripts/quick_start_4_5.sh": [
      {
        "type": "Secret Keyword",
        "filename": "knowledge_os/scripts/quick_start_4_5.sh",
        "hashed_secret": "cf95f42ae822ea5b036c070d97e3a43ba9eebb6a",
        "is_verified": false,
        "line_number": 7
      }
    ],
    "knowledge_os/scripts/quick_validate_experts.py": [
      {
        "type": "Basic Auth Credentials",
        "filename": "knowledge_os/scripts/quick_validate_experts.py",
        "hashed_secret": "e5e9fa1ba31ecd1ae84f75caaa474f3a663f05f4",
        "is_verified": false,
        "line_number": 37
      }
    ],
    "knowledge_os/scripts/remote_start.sh": [
      {
        "type": "Secret Keyword",
        "filename": "knowledge_os/scripts/remote_start.sh",
        "hashed_secret": "cf95f42ae822ea5b036c070d97e3a43ba9eebb6a",
        "is_verified": false,
        "line_number": 6
      }
    ],
    "knowledge_os/scripts/restart_all.py": [
      {
        "type": "Basic Auth Credentials",
        "filename": "knowledge_os/scripts/restart_all.py",
        "hashed_secret": "e5e9fa1ba31ecd1ae84f75caaa474f3a663f05f4",
        "is_verified": false,
        "line_number": 13
      }
    ],
    "knowledge_os/scripts/restart_bot_on_server.sh": [
      {
        "type": "Secret Keyword",
        "filename": "knowledge_os/scripts/restart_bot_on_server.sh",
        "hashed_secret": "cf95f42ae822ea5b036c070d97e3a43ba9eebb6a",
        "is_verified": false,
        "line_number": 7
      }
    ],
    "knowledge_os/scripts/restart_dashboard.sh": [
      {
        "type": "Secret Keyword",
        "filename": "knowledge_os/scripts/restart_dashboard.sh",
        "hashed_secret": "cf95f42ae822ea5b036c070d97e3a43ba9eebb6a",
        "is_verified": false,
        "line_number": 7
      }
    ],
    "knowledge_os/scripts/restore_dashboard.sh": [
      {
        "type": "Secret Keyword",
        "filename": "knowledge_os/scripts/restore_dashboard.sh",
        "hashed_secret": "cf95f42ae822ea5b036c070d97e3a43ba9eebb6a",
        "is_verified": false,
        "line_number": 8
      }
    ],
    "knowledge_os/scripts/restore_from_backup.sh": [
      {
        "type": "Secret Keyword",
        "filename": "knowledge_os/scripts/restore_from_backup.sh",
        "hashed_secret": "e5e9fa1ba31ecd1ae84f75caaa474f3a663f05f4",
        "is_verified": false,
        "line_number": 9
      }
    ],
    "knowledge_os/scripts/restore_professional_dashboard.sh": [
      {
        "type": "Secret Keyword",
        "filename": "knowledge_os/scripts/restore_professional_dashboard.sh",
        "hashed_secret": "cf95f42ae822ea5b036c070d97e3a43ba9eebb6a",
        "is_verified": false,
        "line_number": 7
      }
    ],
    "knowledge_os/scripts/run_tests_with_db.sh": [
      {
        "type": "Basic Auth Credentials",
        "filename": "knowledge_os/scripts/run_tests_with_db.sh",
        "hashed_secret": "e5e9fa1ba31ecd1ae84f75caaa474f3a663f05f4",
        "is_verified": false,
        "line_number": 37
      }
    ],
    "knowledge_os/scripts/server_knowledge_sync.py": [
      {
        "type": "Basic Auth Credentials",
        "filename": "knowledge_os/scripts/server_knowledge_sync.py",
        "hashed_secret": "e5e9fa1ba31ecd1ae84f75caaa474f3a663f05f4",
        "is_verified": false,
        "line_number": 24
      }
    ],
    "knowledge_os/scripts/setup_cursorrules_auto_update.sh": [
      {
        "type": "Secret Keyword",
        "filename": "knowledge_os/scripts/setup_cursorrules_auto_update.sh",
        "hashed_secret": "cf95f42ae822ea5b036c070d97e3a43ba9eebb6a",
        "is_verified": false,
        "line_number": 7
      }
    ],
    "knowledge_os/scripts/setup_daily_reports.sh": [
      {
        "type": "Secret Keyword",
        "filename": "knowledge_os/scripts/setup_daily_reports.sh",
        "hashed_secret": "cf95f42ae822ea5b036c070d97e3a43ba9eebb6a",
        "is_verified": false,
        "line_number": 7
      }
    ],
    "knowledge_os/scripts/setup_environment.py": [
      {
        "type": "Basic Auth Credentials",
        "filename": "knowledge_os/scripts/setup_environment.py",
        "hashed_secret": "e5e9fa1ba31ecd1ae84f75caaa474f3a663f05f4",
        "is_verified": false,
        "line_number": 56
      }
    ],
    "knowledge_os/scripts/setup_nightly_learner_cron.sh": [
      {
        "type": "Secret Keyword",
        "filename": "knowledge_os/scripts/setup_nightly_learner_cron.sh",
        "hashed_secret": "cf95f42ae822ea5b036c070d97e3a43ba9eebb6a",
        "is_verified": false,
        "line_number": 7
      }
    ],
    "knowledge_os/scripts/shell/deploy_all.sh": [
      {
        "type": "Secret Keyword",
        "filename": "knowledge_os/scripts/shell/deploy_all.sh",
        "hashed_secret": "cf95f42ae822ea5b036c070d97e3a43ba9eebb6a",
        "is_verified": false,
        "line_number": 8
      }
    ],
    "knowledge_os/scripts/shell/deploy_lightgbm.sh": [
      {
        "type": "Secret Keyword",
        "filename": "knowledge_os/scripts/shell/deploy_lightgbm.sh",
        "hashed_secret": "cf95f42ae822ea5b036c070d97e3a43ba9eebb6a",
        "is_verified": false,
        "line_number": 8
      }
    ],
    "knowledge_os/scripts/sync_config_to_server.sh": [
      {
        "type": "Secret Keyword",
        "filename": "knowledge_os/scripts/sync_config_to_server.sh",
        "hashed_secret": "cf95f42ae822ea5b036c070d97e3a43ba9eebb6a",
        "is_verified": false,
        "line_number": 7
      }
    ],
    "knowledge_os/scripts/test_direct_on_server.sh": [
      {
        "type": "Secret Keyword",
        "filename": "knowledge_os/scripts/test_direct_on_server.sh",
        "hashed_secret": "cf95f42ae822ea5b036c070d97e3a43ba9eebb6a",
        "is_verified": false,
        "line_number": 8
      }
    ],
    "knowledge_os/scripts/test_victoria_morning_report.py": [
      {
        "type": "Basic Auth Credentials",
        "filename": "knowledge_os/scripts/test_victoria_morning_report.py",
        "hashed_secret": "e5e9fa1ba31ecd1ae84f75caaa474f3a663f05f4",
        "is_verified": false,
        "line_number": 57
      }
    ],
    "knowledge_os/scripts/update_and_start_bot.py": [
      {
        "type": "Secret Keyword",
        "filename": "knowledge_os/scripts/update_and_start_bot.py",
        "hashed_secret": "cf95f42ae822ea5b036c070d97e3a43ba9eebb6a",
        "is_verified": false,
        "line_number": 11
      }
    ],
    "knowledge_os/scripts/upload_ai_improvements.sh": [
      {
        "type": "Secret Keyword",
        "filename": "knowledge_os/scripts/upload_ai_improvements.sh",
        "hashed_secret": "cf95f42ae822ea5b036c070d97e3a43ba9eebb6a",
        "is_verified": false,
        "line_number": 8
      }
    ],
    "knowledge_os/scripts/upload_to_server.sh": [
      {
        "type": "Secret Keyword",
        "filename": "knowledge_os/scripts/upload_to_server.sh",
        "hashed_secret": "cf95f42ae822ea5b036c070d97e3a43ba9eebb6a",
        "is_verified": false,
        "line_number": 8
      }
    ],
    "knowledge_os/scripts/verify_deployment.sh": [
      {
        "type": "Secret Keyword",
        "filename": "knowledge_os/scripts/verify_deployment.sh",
        "hashed_secret": "cf95f42ae822ea5b036c070d97e3a43ba9eebb6a",
        "is_verified": false,
        "line_number": 7
      }
    ],
    "knowledge_os/scripts/verify_hnsw_index.py": [
      {
        "type": "Basic Auth Credentials",
        "filename": "knowledge_os/scripts/verify_hnsw_index.py",
        "hashed_secret": "e5e9fa1ba31ecd1ae84f75caaa474f3a663f05f4",
        "is_verified": false,
        "line_number": 37
      }
    ],
    "knowledge_os/src/ai/autonomous/sync/knowledge_bridge.py": [
      {
        "type": "Basic Auth Credentials",
        "filename": "knowledge_os/src/ai/autonomous/sync/knowledge_bridge.py",
        "hashed_secret": "e5e9fa1ba31ecd1ae84f75caaa474f3a663f05f4",
        "is_verified": false,
        "line_number": 157
      }
    ],
    "knowledge_os/src/config/source.py": [
      {
        "type": "Secret Keyword",
        "filename": "knowledge_os/src/config/source.py",
        "hashed_secret": "89e495e7941cf9e40e6980d14a16bf023ccd4c91",
        "is_verified": false,
        "line_number": 76
      }
    ],
    "knowledge_os/src/data/cryptorank_api.py": [
      {
        "type": "Hex High Entropy String",
        "filename": "knowledge_os/src/data/cryptorank_api.py",
        "hashed_secret": "2302291a6bab1bd85db2ac1f4ffd947ebca92078",
        "is_verified": false,
        "line_number": 23
      }
    ],
    "knowledge_os/src/data/smart_strategy.py": [
      {
        "type": "Hex High Entropy String",
        "filename": "knowledge_os/src/data/smart_strategy.py",
        "hashed_secret": "2302291a6bab1bd85db2ac1f4ffd947ebca92078",
        "is_verified": false,
        "line_number": 69
      },
      {
        "type": "Secret Keyword",
        "filename": "knowledge_os/src/data/smart_strategy.py",
        "hashed_secret": "2302291a6bab1bd85db2ac1f4ffd947ebca92078",
        "is_verified": false,
        "line_number": 69
      }
    ],
    "knowledge_os/tests/conftest.py": [
      {
        "type": "Basic Auth Credentials",
        "filename": "knowledge_os/tests/conftest.py",
        "hashed_secret": "e5e9fa1ba31ecd1ae84f75caaa474f3a663f05f4",
        "is_verified": false,
        "line_number": 24
      }
    ],
    "knowledge_os/tests/test_chain_department_heads.py": [
      {
        "type": "Basic Auth Credentials",
        "filename": "knowledge_os/tests/test_chain_department_heads.py",
        "hashed_secret": "e5e9fa1ba31ecd1ae84f75caaa474f3a663f05f4",
        "is_verified": false,
        "line_number": 15
      }
    ],
    "knowledge_os/tests/test_e2e.py": [
      {
        "type": "Secret Keyword",
        "filename": "knowledge_os/tests/test_e2e.py",
        "hashed_secret": "c18006fc138809314751cd1991f1e0b820fabd37",
        "is_verified": false,
        "line_number": 67
      }
    ],
    "knowledge_os/tests/test_integration_bridge.py": [
      {
        "type": "Basic Auth Credentials",
        "filename": "knowledge_os/tests/test_integration_bridge.py",
        "hashed_secret": "e5e9fa1ba31ecd1ae84f75caaa474f3a663f05f4",
        "is_verified": false,
        "line_number": 14
      }
    ],
    "knowledge_os/tests/test_reasoning_logic_recap.py": [
      {
        "type": "Basic Auth Credentials",
        "filename": "knowledge_os/tests/test_reasoning_logic_recap.py",
        "hashed_secret": "e5e9fa1ba31ecd1ae84f75caaa474f3a663f05f4",
        "is_verified": false,
        "line_number": 17
      }
    ],
    "knowledge_os/tests/test_rest_api.py": [
      {
        "type": "Secret Keyword",
        "filename": "knowledge_os/tests/test_rest_api.py",
        "hashed_secret": "c18006fc138809314751cd1991f1e0b820fabd37",
        "is_verified": false,
        "line_number": 39
      }
    ],
    "knowledge_os/tests/test_safety_verifier.py": [
      {
        "type": "Basic Auth Credentials",
        "filename": "knowledge_os/tests/test_safety_verifier.py",
        "hashed_secret": "a94a8fe5ccb19ba61c4c0873d391e987982fbbd3",
        "is_verified": false,
        "line_number": 12
      }
    ],
    "knowledge_os/tests/test_security.py": [
      {
        "type": "Secret Keyword",
        "filename": "knowledge_os/tests/test_security.py",
        "hashed_secret": "c18006fc138809314751cd1991f1e0b820fabd37",
        "is_verified": false,
        "line_number": 47
      }
    ],
    "knowledge_os/tests/test_victoria_chat_and_request.py": [
      {
        "type": "Basic Auth Credentials",
        "filename": "knowledge_os/tests/test_victoria_chat_and_request.py",
        "hashed_secret": "e5e9fa1ba31ecd1ae84f75caaa474f3a663f05f4",
        "is_verified": false,
        "line_number": 24
      }
    ],
    "proxy/README.md": [
      {
        "type": "Secret Keyword",
        "filename": "proxy/README.md",
        "hashed_secret": "737c621b43b076117f3321cef91a28a1e456574b",
        "is_verified": false,
        "line_number": 44
      }
    ],
    "rust_core/gateway/src/main.rs": [
      {
        "type": "Basic Auth Credentials",
        "filename": "rust_core/gateway/src/main.rs",
        "hashed_secret": "afc848c316af1a89d49826c5ae9d00ed769415f3",
        "is_verified": false,
        "line_number": 933
      }
    ],
    "scripts/assign_tasks_to_experts.py": [
      {
        "type": "Basic Auth Credentials",
        "filename": "scripts/assign_tasks_to_experts.py",
        "hashed_secret": "e5e9fa1ba31ecd1ae84f75caaa474f3a663f05f4",
        "is_verified": false,
        "line_number": 12
      }
    ],
    "scripts/auto_detect_new_models.sh": [
      {
        "type": "Basic Auth Credentials",
        "filename": "scripts/auto_detect_new_models.sh",
        "hashed_secret": "e5e9fa1ba31ecd1ae84f75caaa474f3a663f05f4",
        "is_verified": false,
        "line_number": 32
      }
    ],
    "scripts/check_ready.sh": [
      {
        "type": "Basic Auth Credentials",
        "filename": "scripts/check_ready.sh",
        "hashed_secret": "e5e9fa1ba31ecd1ae84f75caaa474f3a663f05f4",
        "is_verified": false,
        "line_number": 43
      }
    ],
    "scripts/collect_ab_metrics.py": [
      {
        "type": "Basic Auth Credentials",
        "filename": "scripts/collect_ab_metrics.py",
        "hashed_secret": "e5e9fa1ba31ecd1ae84f75caaa474f3a663f05f4",
        "is_verified": false,
        "line_number": 27
      }
    ],
    "scripts/ensure_autonomous_systems.sh": [
      {
        "type": "Basic Auth Credentials",
        "filename": "scripts/ensure_autonomous_systems.sh",
        "hashed_secret": "e5e9fa1ba31ecd1ae84f75caaa474f3a663f05f4",
        "is_verified": false,
        "line_number": 68
      }
    ],
    "scripts/export_knowledge_portable.py": [
      {
        "type": "Basic Auth Credentials",
        "filename": "scripts/export_knowledge_portable.py",
        "hashed_secret": "e5e9fa1ba31ecd1ae84f75caaa474f3a663f05f4",
        "is_verified": false,
        "line_number": 6
      }
    ],
    "scripts/fix_dashboard_schema.sql": [
      {
        "type": "Basic Auth Credentials",
        "filename": "scripts/fix_dashboard_schema.sql",
        "hashed_secret": "e5e9fa1ba31ecd1ae84f75caaa474f3a663f05f4",
        "is_verified": false,
        "line_number": 3
      }
    ],
    "scripts/import_from_atra_backup.sh": [
      {
        "type": "Basic Auth Credentials",
        "filename": "scripts/import_from_atra_backup.sh",
        "hashed_secret": "e5e9fa1ba31ecd1ae84f75caaa474f3a663f05f4",
        "is_verified": false,
        "line_number": 27
      }
    ],
    "scripts/import_knowledge_dump.py": [
      {
        "type": "Basic Auth Credentials",
        "filename": "scripts/import_knowledge_dump.py",
        "hashed_secret": "e5e9fa1ba31ecd1ae84f75caaa474f3a663f05f4",
        "is_verified": false,
        "line_number": 9
      }
    ],
    "scripts/import_knowledge_from_json.py": [
      {
        "type": "Basic Auth Credentials",
        "filename": "scripts/import_knowledge_from_json.py",
        "hashed_secret": "e5e9fa1ba31ecd1ae84f75caaa474f3a663f05f4",
        "is_verified": false,
        "line_number": 5
      }
    ],
    "scripts/launch_claude_with_victoria.sh": [
      {
        "type": "Secret Keyword",
        "filename": "scripts/launch_claude_with_victoria.sh",
        "hashed_secret": "737c621b43b076117f3321cef91a28a1e456574b",
        "is_verified": false,
        "line_number": 45
      }
    ],
    "scripts/migrate_from_macbook.sh": [
      {
        "type": "Basic Auth Credentials",
        "filename": "scripts/migrate_from_macbook.sh",
        "hashed_secret": "e5e9fa1ba31ecd1ae84f75caaa474f3a663f05f4",
        "is_verified": false,
        "line_number": 17
      }
    ],
    "scripts/migrate_knowledge_from_source_db.py": [
      {
        "type": "Basic Auth Credentials",
        "filename": "scripts/migrate_knowledge_from_source_db.py",
        "hashed_secret": "e5e9fa1ba31ecd1ae84f75caaa474f3a663f05f4",
        "is_verified": false,
        "line_number": 7
      }
    ],
    "scripts/migrate_to_mac_studio.py": [
      {
        "type": "Basic Auth Credentials",
        "filename": "scripts/migrate_to_mac_studio.py",
        "hashed_secret": "e5e9fa1ba31ecd1ae84f75caaa474f3a663f05f4",
        "is_verified": false,
        "line_number": 23
      }
    ],
    "scripts/migration/migrate_to_mac_studio.py": [
      {
        "type": "Basic Auth Credentials",
        "filename": "scripts/migration/migrate_to_mac_studio.py",
        "hashed_secret": "e5e9fa1ba31ecd1ae84f75caaa474f3a663f05f4",
        "is_verified": false,
        "line_number": 23
      }
    ],
    "scripts/register_project.py": [
      {
        "type": "Basic Auth Credentials",
        "filename": "scripts/register_project.py",
        "hashed_secret": "e5e9fa1ba31ecd1ae84f75caaa474f3a663f05f4",
        "is_verified": false,
        "line_number": 10
      }
    ],
    "scripts/restore_knowledge_from_archive.py": [
      {
        "type": "Basic Auth Credentials",
        "filename": "scripts/restore_knowledge_from_archive.py",
        "hashed_secret": "e5e9fa1ba31ecd1ae84f75caaa474f3a663f05f4",
        "is_verified": false,
        "line_number": 9
      }
    ],
    "scripts/restore_knowledge_from_archive.sql": [
      {
        "type": "Basic Auth Credentials",
        "filename": "scripts/restore_knowledge_from_archive.sql",
        "hashed_secret": "e5e9fa1ba31ecd1ae84f75caaa474f3a663f05f4",
        "is_verified": false,
        "line_number": 3
      }
    ],
    "scripts/run_all_system_tests.sh": [
      {
        "type": "Basic Auth Credentials",
        "filename": "scripts/run_all_system_tests.sh",
        "hashed_secret": "e5e9fa1ba31ecd1ae84f75caaa474f3a663f05f4",
        "is_verified": false,
        "line_number": 72
      }
    ],
    "scripts/run_learning_and_orchestration.sh": [
      {
        "type": "Basic Auth Credentials",
        "filename": "scripts/run_learning_and_orchestration.sh",
        "hashed_secret": "e5e9fa1ba31ecd1ae84f75caaa474f3a663f05f4",
        "is_verified": false,
        "line_number": 32
      }
    ],
    "scripts/save_corporation_knowledge.sh": [
      {
        "type": "Basic Auth Credentials",
        "filename": "scripts/save_corporation_knowledge.sh",
        "hashed_secret": "e5e9fa1ba31ecd1ae84f75caaa474f3a663f05f4",
        "is_verified": false,
        "line_number": 28
      }
    ],
    "scripts/setup_employees_sync_daemon.sh": [
      {
        "type": "Basic Auth Credentials",
        "filename": "scripts/setup_employees_sync_daemon.sh",
        "hashed_secret": "e5e9fa1ba31ecd1ae84f75caaa474f3a663f05f4",
        "is_verified": false,
        "line_number": 51
      }
    ],
    "scripts/start_autonomous_systems.sh": [
      {
        "type": "Basic Auth Credentials",
        "filename": "scripts/start_autonomous_systems.sh",
        "hashed_secret": "e5e9fa1ba31ecd1ae84f75caaa474f3a663f05f4",
        "is_verified": false,
        "line_number": 23
      }
    ],
    "scripts/start_corporation_dashboard.sh": [
      {
        "type": "Basic Auth Credentials",
        "filename": "scripts/start_corporation_dashboard.sh",
        "hashed_secret": "e5e9fa1ba31ecd1ae84f75caaa474f3a663f05f4",
        "is_verified": false,
        "line_number": 52
      }
    ],
    "scripts/start_enhanced_orchestrator.sh": [
      {
        "type": "Basic Auth Credentials",
        "filename": "scripts/start_enhanced_orchestrator.sh",
        "hashed_secret": "e5e9fa1ba31ecd1ae84f75caaa474f3a663f05f4",
        "is_verified": false,
        "line_number": 54
      }
    ],
    "scripts/start_full_corporation.sh": [
      {
        "type": "Basic Auth Credentials",
        "filename": "scripts/start_full_corporation.sh",
        "hashed_secret": "e5e9fa1ba31ecd1ae84f75caaa474f3a663f05f4",
        "is_verified": false,
        "line_number": 63
      }
    ],
    "scripts/test_task_distribution_trace.py": [
      {
        "type": "Basic Auth Credentials",
        "filename": "scripts/test_task_distribution_trace.py",
        "hashed_secret": "e5e9fa1ba31ecd1ae84f75caaa474f3a663f05f4",
        "is_verified": false,
        "line_number": 177
      }
    ],
    "scripts/utils/environment.py": [
      {
        "type": "Basic Auth Credentials",
        "filename": "scripts/utils/environment.py",
        "hashed_secret": "e5e9fa1ba31ecd1ae84f75caaa474f3a663f05f4",
        "is_verified": false,
        "line_number": 30
      }
    ],
    "src/agents/bridge/server.py": [
      {
        "type": "Basic Auth Credentials",
        "filename": "src/agents/bridge/server.py",
        "hashed_secret": "e5e9fa1ba31ecd1ae84f75caaa474f3a663f05f4",
        "is_verified": false,
        "line_number": 40
      }
    ],
    "src/agents/bridge/victoria_server.py": [
      {
        "type": "Basic Auth Credentials",
        "filename": "src/agents/bridge/victoria_server.py",
        "hashed_secret": "e5e9fa1ba31ecd1ae84f75caaa474f3a663f05f4",
        "is_verified": false,
        "line_number": 863
      }
    ],
    "src/config/source.py": [
      {
        "type": "Secret Keyword",
        "filename": "src/config/source.py",
        "hashed_secret": "89e495e7941cf9e40e6980d14a16bf023ccd4c91",
        "is_verified": false,
        "line_number": 76
      }
    ],
    "src/data/cryptorank_api.py": [
      {
        "type": "Hex High Entropy String",
        "filename": "src/data/cryptorank_api.py",
        "hashed_secret": "2302291a6bab1bd85db2ac1f4ffd947ebca92078",
        "is_verified": false,
        "line_number": 23
      }
    ],
    "src/data/smart_strategy.py": [
      {
        "type": "Hex High Entropy String",
        "filename": "src/data/smart_strategy.py",
        "hashed_secret": "2302291a6bab1bd85db2ac1f4ffd947ebca92078",
        "is_verified": false,
        "line_number": 69
      },
      {
        "type": "Secret Keyword",
        "filename": "src/data/smart_strategy.py",
        "hashed_secret": "2302291a6bab1bd85db2ac1f4ffd947ebca92078",
        "is_verified": false,
        "line_number": 69
      }
    ]
  },
  "generated_at": "2026-03-06T00:09:22Z"
}
