{
  "version": "1.5.0",
  "plugins_used": [
    {
      "name": "ArtifactoryDetector"
    },
    {
      "name": "AWSKeyDetector"
    },
    {
      "name": "AzureStorageKeyDetector"
    },
    {
      "name": "Base64HighEntropyString",
      "limit": 4.5
    },
    {
      "name": "BasicAuthDetector"
    },
    {
      "name": "CloudantDetector"
    },
    {
      "name": "DiscordBotTokenDetector"
    },
    {
      "name": "GitHubTokenDetector"
    },
    {
      "name": "GitLabTokenDetector"
    },
    {
      "name": "HexHighEntropyString",
      "limit": 3.0
    },
    {
      "name": "IbmCloudIamDetector"
    },
    {
      "name": "IbmCosHmacDetector"
    },
    {
      "name": "IPPublicDetector"
    },
    {
      "name": "JwtTokenDetector"
    },
    {
      "name": "KeywordDetector",
      "keyword_exclude": ""
    },
    {
      "name": "MailchimpDetector"
    },
    {
      "name": "NpmDetector"
    },
    {
      "name": "OpenAIDetector"
    },
    {
      "name": "PrivateKeyDetector"
    },
    {
      "name": "PypiTokenDetector"
    },
    {
      "name": "SendGridDetector"
    },
    {
      "name": "SlackDetector"
    },
    {
      "name": "SoftlayerDetector"
    },
    {
      "name": "SquareOAuthDetector"
    },
    {
      "name": "StripeDetector"
    },
    {
      "name": "TelegramBotTokenDetector"
    },
    {
      "name": "TwilioKeyDetector"
    }
  ],
  "filters_used": [
    {
      "path": "detect_secrets.filters.allowlist.is_line_allowlisted"
    },
    {
      "path": "detect_secrets.filters.common.is_baseline_file",
      "filename": ".secrets.baseline"
    },
    {
      "path": "detect_secrets.filters.common.is_ignored_due_to_verification_policies",
      "min_level": 2
    },
    {
      "path": "detect_secrets.filters.heuristic.is_indirect_reference"
    },
    {
      "path": "detect_secrets.filters.heuristic.is_likely_id_string"
    },
    {
      "path": "detect_secrets.filters.heuristic.is_lock_file"
    },
    {
      "path": "detect_secrets.filters.heuristic.is_not_alphanumeric_string"
    },
    {
      "path": "detect_secrets.filters.heuristic.is_potential_uuid"
    },
    {
      "path": "detect_secrets.filters.heuristic.is_prefixed_with_dollar_sign"
    },
    {
      "path": "detect_secrets.filters.heuristic.is_sequential_string"
    },
    {
      "path": "detect_secrets.filters.heuristic.is_swagger_file"
    },
    {
      "path": "detect_secrets.filters.heuristic.is_templated_secret"
    }
  ],
  "results": {
    ".env.example": [
      {
        "type": "Basic Auth Credentials",
        "filename": ".env.example",
        "hashed_secret": "5baa61e4c9b93f3f0682250b6cf8331b7ee68fd8",
        "is_verified": false,
        "line_number": 29
      }
    ],
    "docs/CHANGES_FROM_OTHER_CHATS.md": [
      {
        "type": "Basic Auth Credentials",
        "filename": "docs/CHANGES_FROM_OTHER_CHATS.md",
        "hashed_secret": "e5e9fa1ba31ecd1ae84f75caaa474f3a663f05f4",
        "is_verified": false,
        "line_number": 1469
      },
      {
        "type": "Basic Auth Credentials",
        "filename": "docs/CHANGES_FROM_OTHER_CHATS.md",
        "hashed_secret": "5baa61e4c9b93f3f0682250b6cf8331b7ee68fd8",
        "is_verified": false,
        "line_number": 2428
      }
    ],
    "docs/CURATOR_RUNBOOK.md": [
      {
        "type": "Basic Auth Credentials",
        "filename": "docs/CURATOR_RUNBOOK.md",
        "hashed_secret": "e5e9fa1ba31ecd1ae84f75caaa474f3a663f05f4",
        "is_verified": false,
        "line_number": 169
      }
    ],
    "docs/MASTER_REFERENCE.md": [
      {
        "type": "Basic Auth Credentials",
        "filename": "docs/MASTER_REFERENCE.md",
        "hashed_secret": "e5e9fa1ba31ecd1ae84f75caaa474f3a663f05f4",
        "is_verified": false,
        "line_number": 1910
      },
      {
        "type": "Secret Keyword",
        "filename": "docs/MASTER_REFERENCE.md",
        "hashed_secret": "439b5600899bb0e1f45b389d46ed27ea2ccceee4",
        "is_verified": false,
        "line_number": 2733
      }
    ],
    "docs/RUN_ORCHESTRATOR_AND_NIGHTLY.md": [
      {
        "type": "Basic Auth Credentials",
        "filename": "docs/RUN_ORCHESTRATOR_AND_NIGHTLY.md",
        "hashed_secret": "e5e9fa1ba31ecd1ae84f75caaa474f3a663f05f4",
        "is_verified": false,
        "line_number": 23
      }
    ],
    "docs/curator_findings.jsonl": [
      {
        "type": "Hex High Entropy String",
        "filename": "docs/curator_findings.jsonl",
        "hashed_secret": "4a3b05ab9bafef31951efe29e25779d9799d2103",
        "is_verified": false,
        "line_number": 1
      },
      {
        "type": "Hex High Entropy String",
        "filename": "docs/curator_findings.jsonl",
        "hashed_secret": "92e1f4bb85b4cc6c9e5d933890041348970ae4af",
        "is_verified": false,
        "line_number": 2
      },
      {
        "type": "Hex High Entropy String",
        "filename": "docs/curator_findings.jsonl",
        "hashed_secret": "dff4db698dc7b4b48e27da78044cb4dcf1de2227",
        "is_verified": false,
        "line_number": 3
      },
      {
        "type": "Hex High Entropy String",
        "filename": "docs/curator_findings.jsonl",
        "hashed_secret": "0962618739a79a8f726cf13177d082580e0a1576",
        "is_verified": false,
        "line_number": 4
      },
      {
        "type": "Hex High Entropy String",
        "filename": "docs/curator_findings.jsonl",
        "hashed_secret": "5be0696a4d2912f0b4aefb58cb4b66138f654fd4",
        "is_verified": false,
        "line_number": 5
      },
      {
        "type": "Hex High Entropy String",
        "filename": "docs/curator_findings.jsonl",
        "hashed_secret": "042b82413ec82b06a3c24c74d0e6f0eb4370751c",
        "is_verified": false,
        "line_number": 6
      },
      {
        "type": "Hex High Entropy String",
        "filename": "docs/curator_findings.jsonl",
        "hashed_secret": "5be60a56afbac2946d03c9a8dbaf5aa9cfe5be6d",
        "is_verified": false,
        "line_number": 8
      },
      {
        "type": "Hex High Entropy String",
        "filename": "docs/curator_findings.jsonl",
        "hashed_secret": "16bf87e42202099f0df7d8a1363028d02018ac5d",
        "is_verified": false,
        "line_number": 9
      },
      {
        "type": "Hex High Entropy String",
        "filename": "docs/curator_findings.jsonl",
        "hashed_secret": "8b69b9c0d9917ff4ee858a77e82bdeeb1e8485be",
        "is_verified": false,
        "line_number": 10
      },
      {
        "type": "Hex High Entropy String",
        "filename": "docs/curator_findings.jsonl",
        "hashed_secret": "0f920d4d87807800cc9638a468281240bbb800e4",
        "is_verified": false,
        "line_number": 11
      },
      {
        "type": "Hex High Entropy String",
        "filename": "docs/curator_findings.jsonl",
        "hashed_secret": "e1f6e46924038e92d13bbc21eaf112cd8e7e3a79",
        "is_verified": false,
        "line_number": 12
      },
      {
        "type": "Hex High Entropy String",
        "filename": "docs/curator_findings.jsonl",
        "hashed_secret": "cef9fffc68d66aadc6b602139db40657f2e4b33d",
        "is_verified": false,
        "line_number": 13
      },
      {
        "type": "Hex High Entropy String",
        "filename": "docs/curator_findings.jsonl",
        "hashed_secret": "ef96f6450f4ba753672b418cc8c5fa17cdf674c7",
        "is_verified": false,
        "line_number": 14
      },
      {
        "type": "Hex High Entropy String",
        "filename": "docs/curator_findings.jsonl",
        "hashed_secret": "775d293f17727aba1ccf0c9a62a4b1e4c6add2c4",
        "is_verified": false,
        "line_number": 15
      },
      {
        "type": "Hex High Entropy String",
        "filename": "docs/curator_findings.jsonl",
        "hashed_secret": "b7077b70d59883e45dc96f1000291718e4626e7f",
        "is_verified": false,
        "line_number": 16
      },
      {
        "type": "Hex High Entropy String",
        "filename": "docs/curator_findings.jsonl",
        "hashed_secret": "1ccd8eb6ebc8ddab742d5f1d018e7b070f021226",
        "is_verified": false,
        "line_number": 17
      },
      {
        "type": "Hex High Entropy String",
        "filename": "docs/curator_findings.jsonl",
        "hashed_secret": "2906fa40bc64be47cb695bed9172a6876292a639",
        "is_verified": false,
        "line_number": 18
      },
      {
        "type": "Hex High Entropy String",
        "filename": "docs/curator_findings.jsonl",
        "hashed_secret": "10c8a6b47adcd099b4e337db21a4466ef4ec0910",
        "is_verified": false,
        "line_number": 19
      },
      {
        "type": "Hex High Entropy String",
        "filename": "docs/curator_findings.jsonl",
        "hashed_secret": "b56ce5087ca23d4421d87556c1598a563c47cd3c",
        "is_verified": false,
        "line_number": 20
      },
      {
        "type": "Hex High Entropy String",
        "filename": "docs/curator_findings.jsonl",
        "hashed_secret": "8f07967418018a16b9d4e99811303c5d8cac1f24",
        "is_verified": false,
        "line_number": 21
      },
      {
        "type": "Hex High Entropy String",
        "filename": "docs/curator_findings.jsonl",
        "hashed_secret": "f7da0e18c06869d096c451ae719ae68390a9e2cd",
        "is_verified": false,
        "line_number": 22
      },
      {
        "type": "Hex High Entropy String",
        "filename": "docs/curator_findings.jsonl",
        "hashed_secret": "e8a56a3942c5b84b9e71c1a14e56a1856857bb7d",
        "is_verified": false,
        "line_number": 23
      },
      {
        "type": "Hex High Entropy String",
        "filename": "docs/curator_findings.jsonl",
        "hashed_secret": "79c34154f456bdedc37aa16aa47e6c76a090494f",
        "is_verified": false,
        "line_number": 24
      },
      {
        "type": "Hex High Entropy String",
        "filename": "docs/curator_findings.jsonl",
        "hashed_secret": "a21a7c57eb4fa8bc47827f2939de0028eceedae2",
        "is_verified": false,
        "line_number": 25
      },
      {
        "type": "Hex High Entropy String",
        "filename": "docs/curator_findings.jsonl",
        "hashed_secret": "f4db17eef17fd8e3f3e82c7b7f017402038970d9",
        "is_verified": false,
        "line_number": 26
      },
      {
        "type": "Hex High Entropy String",
        "filename": "docs/curator_findings.jsonl",
        "hashed_secret": "7ced049cee7c2cec3ceeba0ccb923c81cc3f2ec3",
        "is_verified": false,
        "line_number": 27
      },
      {
        "type": "Hex High Entropy String",
        "filename": "docs/curator_findings.jsonl",
        "hashed_secret": "0b8797d50e3aff8b8a15baef0bad88ab6dd6a878",
        "is_verified": false,
        "line_number": 28
      },
      {
        "type": "Hex High Entropy String",
        "filename": "docs/curator_findings.jsonl",
        "hashed_secret": "7b59a1eaa9fe19bf1c2340942046848fa2660c4f",
        "is_verified": false,
        "line_number": 29
      },
      {
        "type": "Hex High Entropy String",
        "filename": "docs/curator_findings.jsonl",
        "hashed_secret": "3be5fd096c963f877a32413dda7678ffa56b3336",
        "is_verified": false,
        "line_number": 30
      },
      {
        "type": "Hex High Entropy String",
        "filename": "docs/curator_findings.jsonl",
        "hashed_secret": "f08d2a9b901dee2b6738cc61dfb7640e3843d827",
        "is_verified": false,
        "line_number": 31
      },
      {
        "type": "Hex High Entropy String",
        "filename": "docs/curator_findings.jsonl",
        "hashed_secret": "77ff1d34e80512bf5124e085c280c54921c3b827",
        "is_verified": false,
        "line_number": 32
      },
      {
        "type": "Hex High Entropy String",
        "filename": "docs/curator_findings.jsonl",
        "hashed_secret": "fecd26e6153b8ce5dfccfb70fb5642022874a17b",
        "is_verified": false,
        "line_number": 33
      },
      {
        "type": "Hex High Entropy String",
        "filename": "docs/curator_findings.jsonl",
        "hashed_secret": "80594cb5b2c2d38f9b178e337467a56dbe02bece",
        "is_verified": false,
        "line_number": 34
      },
      {
        "type": "Hex High Entropy String",
        "filename": "docs/curator_findings.jsonl",
        "hashed_secret": "7fe7dc98afcafe6888b4837dc516b3f664b6ac74",
        "is_verified": false,
        "line_number": 35
      },
      {
        "type": "Hex High Entropy String",
        "filename": "docs/curator_findings.jsonl",
        "hashed_secret": "28659747dbac520285f1f8e568f93ee633249f20",
        "is_verified": false,
        "line_number": 36
      },
      {
        "type": "Hex High Entropy String",
        "filename": "docs/curator_findings.jsonl",
        "hashed_secret": "f1dc379bc67cd965f0eb260497d5e90a0eed394b",
        "is_verified": false,
        "line_number": 37
      },
      {
        "type": "Hex High Entropy String",
        "filename": "docs/curator_findings.jsonl",
        "hashed_secret": "134adc061476cdc0698a0040333c1efc0997b277",
        "is_verified": false,
        "line_number": 38
      },
      {
        "type": "Hex High Entropy String",
        "filename": "docs/curator_findings.jsonl",
        "hashed_secret": "8046bbcc8798bbab4a38afcc8c1c24624e3ba038",
        "is_verified": false,
        "line_number": 39
      },
      {
        "type": "Hex High Entropy String",
        "filename": "docs/curator_findings.jsonl",
        "hashed_secret": "f0cc66dad0d841232dae1cfc908e207e2e4fc93b",
        "is_verified": false,
        "line_number": 40
      },
      {
        "type": "Hex High Entropy String",
        "filename": "docs/curator_findings.jsonl",
        "hashed_secret": "a0941f2573900771bb0e0ca9f908b5e96c4dc4fe",
        "is_verified": false,
        "line_number": 41
      },
      {
        "type": "Hex High Entropy String",
        "filename": "docs/curator_findings.jsonl",
        "hashed_secret": "6c684eb25ffade809007338afe992f6c9f967f20",
        "is_verified": false,
        "line_number": 42
      },
      {
        "type": "Hex High Entropy String",
        "filename": "docs/curator_findings.jsonl",
        "hashed_secret": "c30e9fb5106c6ce37566c0d199e476fdb2aa405b",
        "is_verified": false,
        "line_number": 43
      },
      {
        "type": "Hex High Entropy String",
        "filename": "docs/curator_findings.jsonl",
        "hashed_secret": "3eb9ae15ba10f9bd9b5a3ed0553a0fb1db013096",
        "is_verified": false,
        "line_number": 44
      },
      {
        "type": "Hex High Entropy String",
        "filename": "docs/curator_findings.jsonl",
        "hashed_secret": "0d5de205249dd378093ecc26c70d4e080ecc4ec4",
        "is_verified": false,
        "line_number": 45
      },
      {
        "type": "Hex High Entropy String",
        "filename": "docs/curator_findings.jsonl",
        "hashed_secret": "48e445fe9b1567724928143e6f43669263aec50a",
        "is_verified": false,
        "line_number": 46
      },
      {
        "type": "Hex High Entropy String",
        "filename": "docs/curator_findings.jsonl",
        "hashed_secret": "4dc50908cc4375e4eb49894736dfdec37f2ab5b3",
        "is_verified": false,
        "line_number": 47
      },
      {
        "type": "Hex High Entropy String",
        "filename": "docs/curator_findings.jsonl",
        "hashed_secret": "dad6eacef6efac8ff431bb7c20ec62a085c812cf",
        "is_verified": false,
        "line_number": 48
      },
      {
        "type": "Hex High Entropy String",
        "filename": "docs/curator_findings.jsonl",
        "hashed_secret": "b7b057a0145f3ca573875e7d109ec22e421014ed",
        "is_verified": false,
        "line_number": 49
      },
      {
        "type": "Hex High Entropy String",
        "filename": "docs/curator_findings.jsonl",
        "hashed_secret": "8b979e3b4923140cefbce9333a5fc19e8b6f21d3",
        "is_verified": false,
        "line_number": 50
      },
      {
        "type": "Hex High Entropy String",
        "filename": "docs/curator_findings.jsonl",
        "hashed_secret": "da25b0cb61784dedd8c34d3c3ca103f8ef4d0449",
        "is_verified": false,
        "line_number": 51
      },
      {
        "type": "Hex High Entropy String",
        "filename": "docs/curator_findings.jsonl",
        "hashed_secret": "f001d359d120d2cdef923407dbcd99e948ba8fd8",
        "is_verified": false,
        "line_number": 52
      },
      {
        "type": "Hex High Entropy String",
        "filename": "docs/curator_findings.jsonl",
        "hashed_secret": "953d1bf38955a4dbac71f322684865ce5a84ff78",
        "is_verified": false,
        "line_number": 53
      },
      {
        "type": "Hex High Entropy String",
        "filename": "docs/curator_findings.jsonl",
        "hashed_secret": "8e2f23f4f86e58cdc52bc3e93689d1a05c9a2172",
        "is_verified": false,
        "line_number": 54
      },
      {
        "type": "Hex High Entropy String",
        "filename": "docs/curator_findings.jsonl",
        "hashed_secret": "9222243900c81a8cf7f0791d987211ab24608c81",
        "is_verified": false,
        "line_number": 55
      },
      {
        "type": "Hex High Entropy String",
        "filename": "docs/curator_findings.jsonl",
        "hashed_secret": "7542d5f1210b6e4233f1d7ccb59ec4e46bc09ea0",
        "is_verified": false,
        "line_number": 56
      },
      {
        "type": "Hex High Entropy String",
        "filename": "docs/curator_findings.jsonl",
        "hashed_secret": "85c28c0ae25158c7e8413dc16aad8fb04b36ed8c",
        "is_verified": false,
        "line_number": 57
      },
      {
        "type": "Hex High Entropy String",
        "filename": "docs/curator_findings.jsonl",
        "hashed_secret": "1ec8db1c518010d3586c652d72f5c1d995ae3f04",
        "is_verified": false,
        "line_number": 58
      },
      {
        "type": "Hex High Entropy String",
        "filename": "docs/curator_findings.jsonl",
        "hashed_secret": "dd599d97e9eca033fbcb84473a9d2e7ba18facd2",
        "is_verified": false,
        "line_number": 59
      },
      {
        "type": "Hex High Entropy String",
        "filename": "docs/curator_findings.jsonl",
        "hashed_secret": "63bc03f7c2a866deb44cf3f6740bb64fea3b51b3",
        "is_verified": false,
        "line_number": 60
      },
      {
        "type": "Hex High Entropy String",
        "filename": "docs/curator_findings.jsonl",
        "hashed_secret": "da4c513783c2703413177d0dd477fe282e096894",
        "is_verified": false,
        "line_number": 61
      },
      {
        "type": "Hex High Entropy String",
        "filename": "docs/curator_findings.jsonl",
        "hashed_secret": "2d37110e29f153d7e3b3b37b36694a3edf160d70",
        "is_verified": false,
        "line_number": 62
      }
    ],
    "knowledge_os/app/ai_core.py": [
      {
        "type": "Secret Keyword",
        "filename": "knowledge_os/app/ai_core.py",
        "hashed_secret": "ad87109bfff0765f4dd8cf4943b04d16a4070fea",
        "is_verified": false,
        "line_number": 486
      },
      {
        "type": "Basic Auth Credentials",
        "filename": "knowledge_os/app/ai_core.py",
        "hashed_secret": "e5e9fa1ba31ecd1ae84f75caaa474f3a663f05f4",
        "is_verified": false,
        "line_number": 771
      }
    ],
    "knowledge_os/app/corporation_complete_knowledge.py": [
      {
        "type": "Basic Auth Credentials",
        "filename": "knowledge_os/app/corporation_complete_knowledge.py",
        "hashed_secret": "e5e9fa1ba31ecd1ae84f75caaa474f3a663f05f4",
        "is_verified": false,
        "line_number": 58
      }
    ],
    "knowledge_os/app/corporation_knowledge_system.py": [
      {
        "type": "Basic Auth Credentials",
        "filename": "knowledge_os/app/corporation_knowledge_system.py",
        "hashed_secret": "e5e9fa1ba31ecd1ae84f75caaa474f3a663f05f4",
        "is_verified": false,
        "line_number": 69
      }
    ],
    "knowledge_os/app/db_pool.py": [
      {
        "type": "Basic Auth Credentials",
        "filename": "knowledge_os/app/db_pool.py",
        "hashed_secret": "e5e9fa1ba31ecd1ae84f75caaa474f3a663f05f4",
        "is_verified": false,
        "line_number": 26
      }
    ],
    "knowledge_os/app/enhanced_orchestrator.py": [
      {
        "type": "Basic Auth Credentials",
        "filename": "knowledge_os/app/enhanced_orchestrator.py",
        "hashed_secret": "e5e9fa1ba31ecd1ae84f75caaa474f3a663f05f4",
        "is_verified": false,
        "line_number": 759
      }
    ],
    "knowledge_os/app/graphrag/graphrag_service.py": [
      {
        "type": "Basic Auth Credentials",
        "filename": "knowledge_os/app/graphrag/graphrag_service.py",
        "hashed_secret": "e5e9fa1ba31ecd1ae84f75caaa474f3a663f05f4",
        "is_verified": false,
        "line_number": 21
      }
    ],
    "knowledge_os/app/memory_cycle.py": [
      {
        "type": "Basic Auth Credentials",
        "filename": "knowledge_os/app/memory_cycle.py",
        "hashed_secret": "e5e9fa1ba31ecd1ae84f75caaa474f3a663f05f4",
        "is_verified": false,
        "line_number": 21
      }
    ],
    "knowledge_os/app/nightly_learner.py": [
      {
        "type": "Basic Auth Credentials",
        "filename": "knowledge_os/app/nightly_learner.py",
        "hashed_secret": "e5e9fa1ba31ecd1ae84f75caaa474f3a663f05f4",
        "is_verified": false,
        "line_number": 41
      }
    ],
    "knowledge_os/app/performance_watchdog.py": [
      {
        "type": "Basic Auth Credentials",
        "filename": "knowledge_os/app/performance_watchdog.py",
        "hashed_secret": "e5e9fa1ba31ecd1ae84f75caaa474f3a663f05f4",
        "is_verified": false,
        "line_number": 29
      }
    ],
    "knowledge_os/app/semantic_cache.py": [
      {
        "type": "Basic Auth Credentials",
        "filename": "knowledge_os/app/semantic_cache.py",
        "hashed_secret": "e5e9fa1ba31ecd1ae84f75caaa474f3a663f05f4",
        "is_verified": false,
        "line_number": 60
      }
    ],
    "knowledge_os/app/smart_worker_autonomous.py": [
      {
        "type": "Basic Auth Credentials",
        "filename": "knowledge_os/app/smart_worker_autonomous.py",
        "hashed_secret": "e5e9fa1ba31ecd1ae84f75caaa474f3a663f05f4",
        "is_verified": false,
        "line_number": 109
      }
    ],
    "knowledge_os/app/victoria_morning_report.py": [
      {
        "type": "Basic Auth Credentials",
        "filename": "knowledge_os/app/victoria_morning_report.py",
        "hashed_secret": "e5e9fa1ba31ecd1ae84f75caaa474f3a663f05f4",
        "is_verified": false,
        "line_number": 84
      }
    ],
    "knowledge_os/dashboard/database_service.py": [
      {
        "type": "Basic Auth Credentials",
        "filename": "knowledge_os/dashboard/database_service.py",
        "hashed_secret": "e5e9fa1ba31ecd1ae84f75caaa474f3a663f05f4",
        "is_verified": false,
        "line_number": 21
      }
    ],
    "knowledge_os/scripts/backfill_distillation_v2.py": [
      {
        "type": "Basic Auth Credentials",
        "filename": "knowledge_os/scripts/backfill_distillation_v2.py",
        "hashed_secret": "e5e9fa1ba31ecd1ae84f75caaa474f3a663f05f4",
        "is_verified": false,
        "line_number": 21
      }
    ],
    "knowledge_os/scripts/build_lora_dataset_from_distilled.py": [
      {
        "type": "Basic Auth Credentials",
        "filename": "knowledge_os/scripts/build_lora_dataset_from_distilled.py",
        "hashed_secret": "e5e9fa1ba31ecd1ae84f75caaa474f3a663f05f4",
        "is_verified": false,
        "line_number": 24
      }
    ],
    "knowledge_os/scripts/mass_embedding_generator.py": [
      {
        "type": "Basic Auth Credentials",
        "filename": "knowledge_os/scripts/mass_embedding_generator.py",
        "hashed_secret": "e5e9fa1ba31ecd1ae84f75caaa474f3a663f05f4",
        "is_verified": false,
        "line_number": 21
      }
    ],
    "knowledge_os/scripts/sync_lancedb_from_postgres.py": [
      {
        "type": "Basic Auth Credentials",
        "filename": "knowledge_os/scripts/sync_lancedb_from_postgres.py",
        "hashed_secret": "e5e9fa1ba31ecd1ae84f75caaa474f3a663f05f4",
        "is_verified": false,
        "line_number": 18
      }
    ],
    "knowledge_os/training_data_smoke/lora_train.jsonl": [
      {
        "type": "Basic Auth Credentials",
        "filename": "knowledge_os/training_data_smoke/lora_train.jsonl",
        "hashed_secret": "5baa61e4c9b93f3f0682250b6cf8331b7ee68fd8",
        "is_verified": false,
        "line_number": 163
      }
    ],
    "knowledge_os/training_data_smoke/train.jsonl": [
      {
        "type": "Basic Auth Credentials",
        "filename": "knowledge_os/training_data_smoke/train.jsonl",
        "hashed_secret": "5baa61e4c9b93f3f0682250b6cf8331b7ee68fd8",
        "is_verified": false,
        "line_number": 163
      }
    ],
    "rust_core/gateway/src/main.rs": [
      {
        "type": "Basic Auth Credentials",
        "filename": "rust_core/gateway/src/main.rs",
        "hashed_secret": "afc848c316af1a89d49826c5ae9d00ed769415f3",
        "is_verified": false,
        "line_number": 1526
      }
    ],
    "scripts/run_cursor_distill_campaign.py": [
      {
        "type": "Basic Auth Credentials",
        "filename": "scripts/run_cursor_distill_campaign.py",
        "hashed_secret": "e5e9fa1ba31ecd1ae84f75caaa474f3a663f05f4",
        "is_verified": false,
        "line_number": 13
      }
    ],
    "scripts/start_enhanced_orchestrator.sh": [
      {
        "type": "Basic Auth Credentials",
        "filename": "scripts/start_enhanced_orchestrator.sh",
        "hashed_secret": "e5e9fa1ba31ecd1ae84f75caaa474f3a663f05f4",
        "is_verified": false,
        "line_number": 56
      }
    ],
    "src/agents/bridge/server.py": [
      {
        "type": "Basic Auth Credentials",
        "filename": "src/agents/bridge/server.py",
        "hashed_secret": "e5e9fa1ba31ecd1ae84f75caaa474f3a663f05f4",
        "is_verified": false,
        "line_number": 42
      }
    ],
    "src/agents/bridge/victoria_server.py": [
      {
        "type": "Basic Auth Credentials",
        "filename": "src/agents/bridge/victoria_server.py",
        "hashed_secret": "e5e9fa1ba31ecd1ae84f75caaa474f3a663f05f4",
        "is_verified": false,
        "line_number": 1552
      }
    ]
  },
  "generated_at": "2026-07-29T20:20:38Z"
}
